<html>
<body>
<pre>
<h1>µVision Build Log</h1>
<h2>Tool Versions:</h2>
IDE-Version: µVision V5.24.2.0
Copyright (C) 2017 ARM Ltd and ARM Germany GmbH. All rights reserved.
License Information: 1 xuzhen1, 1, LIC=----
 
Tool Versions:
Toolchain:       MDK-Lite  Version: 5.24.1
Toolchain Path:  C:\Keil_v5\ARM\ARMCC\Bin
C Compiler:      Armcc.exe V5.06 update 5 (build 528)
Assembler:       Armasm.exe V5.06 update 5 (build 528)
Linker/Locator:  ArmLink.exe V5.06 update 5 (build 528)
Library Manager: ArmAr.exe V5.06 update 5 (build 528)
Hex Converter:   FromElf.exe V5.06 update 5 (build 528)
CPU DLL:         SARMCM3.DLL V5.24.1
Dialog DLL:      DCM.DLL V1.16.0.0
Target DLL:      UL2CM3.DLL V1.160.3.0
Dialog DLL:      TCM.DLL V1.32.0.0
 
<h2>Project:</h2>
E:\ECE3810-Project\Lab1.1.uvprojx
Project File Date:  12/03/2025

<h2>Output:</h2>
*** Using Compiler 'V5.06 update 5 (build 528)', folder: 'C:\Keil_v5\ARM\ARMCC\Bin'
Build target 'Lab1.1'
compiling EIE3810_EXTI.c...
Board\EIE3810_EXTI.h(10): warning:  #1-D: last line of file ends without a newline
  #endif
Board\game.h(44): warning:  #1-D: last line of file ends without a newline
  #endif
Board\EIE3810_EXTI.c: 2 warnings, 0 errors
compiling main.c...
.\Board\EIE3810_clock.h(13): warning:  #1-D: last line of file ends without a newline
  #endif
.\Board\EIE3810_GPIO.h(16): warning:  #1-D: last line of file ends without a newline
  #endif
.\Board\EIE3810_EXTI.h(10): warning:  #1-D: last line of file ends without a newline
  #endif
.\Board\EIE3810_USART.h(16): warning:  #1-D: last line of file ends without a newline
  #endif
.\Board\EIE3810_TIM.h(12): warning:  #1-D: last line of file ends without a newline
  #endif
.\Board\game.h(44): warning:  #1-D: last line of file ends without a newline
  #endif
User\main.c(86): warning:  #1-D: last line of file ends without a newline
  }
User\main.c: 7 warnings, 0 errors
compiling EIE3810_TIM.c...
Board\EIE3810_TIM.h(12): warning:  #1-D: last line of file ends without a newline
  #endif
Board\game.h(44): warning:  #1-D: last line of file ends without a newline
  #endif
Board\EIE3810_TIM.c: 2 warnings, 0 errors
linking...
Program Size: Code=10756 RO-data=6416 RW-data=44 ZI-data=1636  
FromELF: creating hex file...
".\Objects\_Lab1.1" - 0 Error(s), 11 Warning(s).

<h2>Software Packages used:</h2>

Package Vendor: Keil
                http://www.keil.com/pack/Keil.STM32F1xx_DFP.2.2.0.pack
                Keil.STM32F1xx_DFP.2.2.0
                STMicroelectronics STM32F1 Series Device Support, Drivers and Examples

<h2>Collection of Component include folders:</h2>
  .\RTE\_Lab1.1
  C:\Keil_v5\ARM\PACK\Keil\STM32F1xx_DFP\2.2.0\Device\Include

<h2>Collection of Component Files used:</h2>
Build Time Elapsed:  00:00:11
</pre>
</body>
</html>
