Component: ARM Compiler 5.06 update 5 (build 528) Tool: armlink [4d35e2]

==============================================================================

Section Cross References

    stm32f10x_rcc.o(i.RCC_GetClocksFreq) refers to stm32f10x_rcc.o(.data) for APBAHBPrescTable
    stm32f10x_rcc.o(i.RCC_WaitForHSEStartUp) refers to stm32f10x_rcc.o(i.RCC_GetFlagStatus) for RCC_GetFlagStatus
    stm32f10x_gpio.o(i.GPIO_AFIODeInit) refers to stm32f10x_rcc.o(i.RCC_APB2PeriphResetCmd) for RCC_APB2PeriphResetCmd
    stm32f10x_gpio.o(i.GPIO_DeInit) refers to stm32f10x_rcc.o(i.RCC_APB2PeriphResetCmd) for RCC_APB2PeriphResetCmd
    system_stm32f10x.o(i.SetSysClock) refers to system_stm32f10x.o(i.SetSysClockTo72) for SetSysClockTo72
    system_stm32f10x.o(i.SystemCoreClockUpdate) refers to system_stm32f10x.o(.data) for SystemCoreClock
    system_stm32f10x.o(i.SystemInit) refers to system_stm32f10x.o(i.SetSysClock) for SetSysClock
    startup_stm32f10x_hd.o(STACK) refers (Special) to heapauxi.o(.text) for __use_two_region_memory
    startup_stm32f10x_hd.o(HEAP) refers (Special) to heapauxi.o(.text) for __use_two_region_memory
    startup_stm32f10x_hd.o(RESET) refers (Special) to heapauxi.o(.text) for __use_two_region_memory
    startup_stm32f10x_hd.o(RESET) refers to startup_stm32f10x_hd.o(STACK) for __initial_sp
    startup_stm32f10x_hd.o(RESET) refers to startup_stm32f10x_hd.o(.text) for Reset_Handler
    startup_stm32f10x_hd.o(RESET) refers to stm32f10x_it.o(i.NMI_Handler) for NMI_Handler
    startup_stm32f10x_hd.o(RESET) refers to stm32f10x_it.o(i.HardFault_Handler) for HardFault_Handler
    startup_stm32f10x_hd.o(RESET) refers to stm32f10x_it.o(i.MemManage_Handler) for MemManage_Handler
    startup_stm32f10x_hd.o(RESET) refers to stm32f10x_it.o(i.BusFault_Handler) for BusFault_Handler
    startup_stm32f10x_hd.o(RESET) refers to stm32f10x_it.o(i.UsageFault_Handler) for UsageFault_Handler
    startup_stm32f10x_hd.o(RESET) refers to stm32f10x_it.o(i.SVC_Handler) for SVC_Handler
    startup_stm32f10x_hd.o(RESET) refers to stm32f10x_it.o(i.DebugMon_Handler) for DebugMon_Handler
    startup_stm32f10x_hd.o(RESET) refers to stm32f10x_it.o(i.PendSV_Handler) for PendSV_Handler
    startup_stm32f10x_hd.o(RESET) refers to stm32f10x_it.o(i.SysTick_Handler) for SysTick_Handler
    startup_stm32f10x_hd.o(RESET) refers to eie3810_exti.o(i.EXTI0_IRQHandler) for EXTI0_IRQHandler
    startup_stm32f10x_hd.o(RESET) refers to eie3810_exti.o(i.EXTI2_IRQHandler) for EXTI2_IRQHandler
    startup_stm32f10x_hd.o(RESET) refers to eie3810_exti.o(i.EXTI3_IRQHandler) for EXTI3_IRQHandler
    startup_stm32f10x_hd.o(RESET) refers to eie3810_exti.o(i.EXTI4_IRQHandler) for EXTI4_IRQHandler
    startup_stm32f10x_hd.o(RESET) refers to eie3810_tim.o(i.TIM3_IRQHandler) for TIM3_IRQHandler
    startup_stm32f10x_hd.o(RESET) refers to eie3810_usart.o(i.USART1_IRQHandler) for USART1_IRQHandler
    startup_stm32f10x_hd.o(RESET) refers to eie3810_usart.o(i.USART3_IRQHandler) for USART3_IRQHandler
    startup_stm32f10x_hd.o(.text) refers (Special) to heapauxi.o(.text) for __use_two_region_memory
    startup_stm32f10x_hd.o(.text) refers to system_stm32f10x.o(i.SystemInit) for SystemInit
    startup_stm32f10x_hd.o(.text) refers to __main.o(!!!main) for __main
    startup_stm32f10x_hd.o(.text) refers to startup_stm32f10x_hd.o(HEAP) for Heap_Mem
    startup_stm32f10x_hd.o(.text) refers to startup_stm32f10x_hd.o(STACK) for Stack_Mem
    main.o(i.main) refers to eie3810_clock.o(i.EIE3810_clock_tree_init) for EIE3810_clock_tree_init
    main.o(i.main) refers to eie3810_tftlcd.o(i.EIE3810_TFTLCD_Init) for EIE3810_TFTLCD_Init
    main.o(i.main) refers to eie3810_gpio.o(i.EIE3810_GPIO_Init) for EIE3810_GPIO_Init
    main.o(i.main) refers to eie3810_exti.o(i.EIE3810_NVIC_Init) for EIE3810_NVIC_Init
    main.o(i.main) refers to eie3810_usart.o(i.EIE3810_USART1_Init) for EIE3810_USART1_Init
    main.o(i.main) refers to eie3810_usart.o(i.EIE3810_USART3_Init) for EIE3810_USART3_Init
    main.o(i.main) refers to eie3810_tim.o(i.EIE3810_TIM3_Init) for EIE3810_TIM3_Init
    main.o(i.main) refers to game.o(i.showWelcomeScreen) for showWelcomeScreen
    main.o(i.main) refers to eie3810_gpio.o(i.Delay) for Delay
    main.o(i.main) refers to game.o(i.showDifficultyScreen) for showDifficultyScreen
    main.o(i.main) refers to game.o(i.showWaitUSARTScreen) for showWaitUSARTScreen
    main.o(i.main) refers to game.o(i.startCountdown) for startCountdown
    main.o(i.main) refers to game.o(i.initGame) for initGame
    main.o(i.main) refers to game.o(i.updateGameDisplay) for updateGameDisplay
    main.o(i.main) refers to game.o(i.showGameOverScreen) for showGameOverScreen
    main.o(i.main) refers to main.o(.data) for currentState
    eie3810_exti.o(i.EXTI0_IRQHandler) refers to eie3810_gpio.o(i.Delay) for Delay
    eie3810_exti.o(i.EXTI0_IRQHandler) refers to game.o(i.updateDifficultyScreen) for updateDifficultyScreen
    eie3810_exti.o(i.EXTI0_IRQHandler) refers to main.o(.data) for currentState
    eie3810_exti.o(i.EXTI2_IRQHandler) refers to eie3810_gpio.o(i.Delay) for Delay
    eie3810_exti.o(i.EXTI2_IRQHandler) refers to game.o(i.movePlayerAPad) for movePlayerAPad
    eie3810_exti.o(i.EXTI2_IRQHandler) refers to main.o(.data) for currentState
    eie3810_exti.o(i.EXTI3_IRQHandler) refers to eie3810_gpio.o(i.Delay) for Delay
    eie3810_exti.o(i.EXTI3_IRQHandler) refers to game.o(i.showPauseScreen) for showPauseScreen
    eie3810_exti.o(i.EXTI3_IRQHandler) refers to eie3810_tftlcd.o(i.EIE3810_TFTLCD_FillRectangle) for EIE3810_TFTLCD_FillRectangle
    eie3810_exti.o(i.EXTI3_IRQHandler) refers to main.o(.data) for currentState
    eie3810_exti.o(i.EXTI4_IRQHandler) refers to eie3810_gpio.o(i.Delay) for Delay
    eie3810_exti.o(i.EXTI4_IRQHandler) refers to game.o(i.updateDifficultyScreen) for updateDifficultyScreen
    eie3810_exti.o(i.EXTI4_IRQHandler) refers to game.o(i.showWaitUSARTScreen) for showWaitUSARTScreen
    eie3810_exti.o(i.EXTI4_IRQHandler) refers to game.o(i.movePlayerAPad) for movePlayerAPad
    eie3810_exti.o(i.EXTI4_IRQHandler) refers to main.o(.data) for currentState
    eie3810_tim.o(i.TIM3_IRQHandler) refers to game.o(i.updateBallPosition) for updateBallPosition
    eie3810_tim.o(i.TIM3_IRQHandler) refers to main.o(.data) for currentState
    eie3810_usart.o(i.EIE3810_USART1_Init) refers to eie3810_usart.o(i.NVIC_SetPriority) for NVIC_SetPriority
    eie3810_usart.o(i.EIE3810_USART1_Init) refers to eie3810_usart.o(i.NVIC_EnableIRQ) for NVIC_EnableIRQ
    eie3810_usart.o(i.EIE3810_USART3_Init) refers to eie3810_usart.o(i.NVIC_SetPriority) for NVIC_SetPriority
    eie3810_usart.o(i.EIE3810_USART3_Init) refers to eie3810_usart.o(i.NVIC_EnableIRQ) for NVIC_EnableIRQ
    eie3810_usart.o(i.USART1_IRQHandler) refers to main.o(.data) for randomSeed
    eie3810_usart.o(i.USART3_IRQHandler) refers to game.o(i.handleJoypadInput) for handleJoypadInput
    game.o(i.clearBall) refers to eie3810_tftlcd.o(i.EIE3810_TFTLCD_DrawCircle) for EIE3810_TFTLCD_DrawCircle
    game.o(i.clearBall) refers to game.o(.data) for oldBallY
    game.o(i.drawBall) refers to eie3810_tftlcd.o(i.EIE3810_TFTLCD_DrawCircle) for EIE3810_TFTLCD_DrawCircle
    game.o(i.drawBall) refers to game.o(.data) for ballY
    game.o(i.drawPads) refers to eie3810_tftlcd.o(i.EIE3810_TFTLCD_FillRectangle) for EIE3810_TFTLCD_FillRectangle
    game.o(i.drawPads) refers to game.o(.data) for padA_y
    game.o(i.handleJoypadInput) refers to game.o(i.updateDifficultyScreen) for updateDifficultyScreen
    game.o(i.handleJoypadInput) refers to game.o(i.movePlayerBPad) for movePlayerBPad
    game.o(i.handleJoypadInput) refers to eie3810_tftlcd.o(i.EIE3810_TFTLCD_FillRectangle) for EIE3810_TFTLCD_FillRectangle
    game.o(i.handleJoypadInput) refers to main.o(.data) for currentState
    game.o(i.initGame) refers to eie3810_tftlcd.o(i.EIE3810_TFTLCD_FillScreen) for EIE3810_TFTLCD_FillScreen
    game.o(i.initGame) refers to game.o(i.drawPads) for drawPads
    game.o(i.initGame) refers to game.o(i.drawBall) for drawBall
    game.o(i.initGame) refers to game.o(i.showString) for showString
    game.o(i.initGame) refers to game.o(.data) for ballX
    game.o(i.movePlayerAPad) refers to eie3810_tftlcd.o(i.EIE3810_TFTLCD_FillRectangle) for EIE3810_TFTLCD_FillRectangle
    game.o(i.movePlayerAPad) refers to main.o(.data) for currentState
    game.o(i.movePlayerAPad) refers to game.o(.data) for padA_y
    game.o(i.movePlayerBPad) refers to eie3810_tftlcd.o(i.EIE3810_TFTLCD_FillRectangle) for EIE3810_TFTLCD_FillRectangle
    game.o(i.movePlayerBPad) refers to main.o(.data) for currentState
    game.o(i.movePlayerBPad) refers to game.o(.data) for padB_y
    game.o(i.showDifficultyScreen) refers to eie3810_tftlcd.o(i.EIE3810_TFTLCD_FillScreen) for EIE3810_TFTLCD_FillScreen
    game.o(i.showDifficultyScreen) refers to game.o(i.showString) for showString
    game.o(i.showDifficultyScreen) refers to main.o(.data) for difficulty
    game.o(i.showGameOverScreen) refers to eie3810_tftlcd.o(i.EIE3810_TFTLCD_FillScreen) for EIE3810_TFTLCD_FillScreen
    game.o(i.showGameOverScreen) refers to game.o(i.showString) for showString
    game.o(i.showGameOverScreen) refers to game.o(.data) for winner
    game.o(i.showNumber) refers to game.o(i.powInt) for powInt
    game.o(i.showNumber) refers to eie3810_tftlcd.o(i.EIE3810_TFTLCD_ShowChar2412) for EIE3810_TFTLCD_ShowChar2412
    game.o(i.showPauseScreen) refers to eie3810_tftlcd.o(i.EIE3810_TFTLCD_FillRectangle) for EIE3810_TFTLCD_FillRectangle
    game.o(i.showPauseScreen) refers to game.o(i.showString) for showString
    game.o(i.showString) refers to eie3810_tftlcd.o(i.EIE3810_TFTLCD_ShowString2412) for EIE3810_TFTLCD_ShowString2412
    game.o(i.showWaitUSARTScreen) refers to eie3810_tftlcd.o(i.EIE3810_TFTLCD_FillScreen) for EIE3810_TFTLCD_FillScreen
    game.o(i.showWaitUSARTScreen) refers to game.o(i.showString) for showString
    game.o(i.showWelcomeScreen) refers to eie3810_tftlcd.o(i.EIE3810_TFTLCD_FillScreen) for EIE3810_TFTLCD_FillScreen
    game.o(i.showWelcomeScreen) refers to game.o(i.showString) for showString
    game.o(i.startCountdown) refers to eie3810_tftlcd.o(i.EIE3810_TFTLCD_FillScreen) for EIE3810_TFTLCD_FillScreen
    game.o(i.startCountdown) refers to game.o(i.drawPads) for drawPads
    game.o(i.startCountdown) refers to eie3810_tftlcd.o(i.EIE3810_TFTLCD_DrawRectangle) for EIE3810_TFTLCD_DrawRectangle
    game.o(i.startCountdown) refers to game.o(i.showString) for showString
    game.o(i.startCountdown) refers to eie3810_gpio.o(i.Delay) for Delay
    game.o(i.startCountdown) refers to eie3810_tftlcd.o(i.EIE3810_TFTLCD_FillRectangle) for EIE3810_TFTLCD_FillRectangle
    game.o(i.updateBallPosition) refers to eie3810_gpio.o(i.Buzzer_On) for Buzzer_On
    game.o(i.updateBallPosition) refers to eie3810_gpio.o(i.Delay) for Delay
    game.o(i.updateBallPosition) refers to eie3810_gpio.o(i.Buzzer_Off) for Buzzer_Off
    game.o(i.updateBallPosition) refers to game.o(i.clearBall) for clearBall
    game.o(i.updateBallPosition) refers to game.o(i.drawBall) for drawBall
    game.o(i.updateBallPosition) refers to game.o(.data) for gameStarted
    game.o(i.updateBallPosition) refers to main.o(.data) for currentState
    game.o(i.updateDifficultyScreen) refers to game.o(i.showDifficultyScreen) for showDifficultyScreen
    game.o(i.updateGameDisplay) refers to eie3810_tftlcd.o(i.EIE3810_TFTLCD_FillRectangle) for EIE3810_TFTLCD_FillRectangle
    game.o(i.updateGameDisplay) refers to game.o(i.showNumber) for showNumber
    game.o(i.updateGameDisplay) refers to main.o(.data) for currentState
    game.o(i.updateGameDisplay) refers to game.o(.data) for gameTime
    eie3810_tftlcd.o(i.EIE3810_TFTLCD_Clear) refers to eie3810_tftlcd.o(i.EIE3810_TFTLCD_WrCmd) for EIE3810_TFTLCD_WrCmd
    eie3810_tftlcd.o(i.EIE3810_TFTLCD_Clear) refers to eie3810_tftlcd.o(i.EIE3810_TFTLCD_WrData) for EIE3810_TFTLCD_WrData
    eie3810_tftlcd.o(i.EIE3810_TFTLCD_DrawCircle) refers to eie3810_tftlcd.o(i.EIE3810_TFTLCD_DrawDot) for EIE3810_TFTLCD_DrawDot
    eie3810_tftlcd.o(i.EIE3810_TFTLCD_DrawDot) refers to eie3810_tftlcd.o(i.EIE3810_TFTLCD_WrCmd) for EIE3810_TFTLCD_WrCmd
    eie3810_tftlcd.o(i.EIE3810_TFTLCD_DrawDot) refers to eie3810_tftlcd.o(i.EIE3810_TFTLCD_WrData) for EIE3810_TFTLCD_WrData
    eie3810_tftlcd.o(i.EIE3810_TFTLCD_DrawRectangle) refers to eie3810_tftlcd.o(i.EIE3810_TFTLCD_DrawDot) for EIE3810_TFTLCD_DrawDot
    eie3810_tftlcd.o(i.EIE3810_TFTLCD_FillRectangle) refers to eie3810_tftlcd.o(i.EIE3810_TFTLCD_WrCmd) for EIE3810_TFTLCD_WrCmd
    eie3810_tftlcd.o(i.EIE3810_TFTLCD_FillRectangle) refers to eie3810_tftlcd.o(i.EIE3810_TFTLCD_WrData) for EIE3810_TFTLCD_WrData
    eie3810_tftlcd.o(i.EIE3810_TFTLCD_FillScreen) refers to eie3810_tftlcd.o(i.EIE3810_TFTLCD_Clear) for EIE3810_TFTLCD_Clear
    eie3810_tftlcd.o(i.EIE3810_TFTLCD_Init) refers to eie3810_gpio.o(i.Delay) for Delay
    eie3810_tftlcd.o(i.EIE3810_TFTLCD_Init) refers to eie3810_tftlcd.o(i.EIE3810_TFTLCD_SetParameter) for EIE3810_TFTLCD_SetParameter
    eie3810_tftlcd.o(i.EIE3810_TFTLCD_SetParameter) refers to eie3810_tftlcd.o(i.EIE3810_TFTLCD_WrCmdData) for EIE3810_TFTLCD_WrCmdData
    eie3810_tftlcd.o(i.EIE3810_TFTLCD_SetParameter) refers to eie3810_tftlcd.o(i.EIE3810_TFTLCD_WrCmd) for EIE3810_TFTLCD_WrCmd
    eie3810_tftlcd.o(i.EIE3810_TFTLCD_SetParameter) refers to eie3810_gpio.o(i.Delay) for Delay
    eie3810_tftlcd.o(i.EIE3810_TFTLCD_SevenSegment) refers to eie3810_tftlcd.o(i.EIE3810_TFTLCD_FillRectangle) for EIE3810_TFTLCD_FillRectangle
    eie3810_tftlcd.o(i.EIE3810_TFTLCD_ShowChar) refers to eie3810_tftlcd.o(i.EIE3810_TFTLCD_WrCmdData) for EIE3810_TFTLCD_WrCmdData
    eie3810_tftlcd.o(i.EIE3810_TFTLCD_ShowChar) refers to eie3810_tftlcd.o(i.EIE3810_TFTLCD_WrCmd) for EIE3810_TFTLCD_WrCmd
    eie3810_tftlcd.o(i.EIE3810_TFTLCD_ShowChar) refers to eie3810_tftlcd.o(i.EIE3810_TFTLCD_WrData) for EIE3810_TFTLCD_WrData
    eie3810_tftlcd.o(i.EIE3810_TFTLCD_ShowChar) refers to eie3810_tftlcd.o(.constdata) for asc2_1608
    eie3810_tftlcd.o(i.EIE3810_TFTLCD_ShowChar2412) refers to eie3810_tftlcd.o(i.EIE3810_TFTLCD_WrCmd) for EIE3810_TFTLCD_WrCmd
    eie3810_tftlcd.o(i.EIE3810_TFTLCD_ShowChar2412) refers to eie3810_tftlcd.o(i.EIE3810_TFTLCD_WrData) for EIE3810_TFTLCD_WrData
    eie3810_tftlcd.o(i.EIE3810_TFTLCD_ShowChar2412) refers to eie3810_tftlcd.o(.constdata) for asc2_2412
    eie3810_tftlcd.o(i.EIE3810_TFTLCD_ShowString) refers to eie3810_tftlcd.o(i.EIE3810_TFTLCD_WrCmd) for EIE3810_TFTLCD_WrCmd
    eie3810_tftlcd.o(i.EIE3810_TFTLCD_ShowString) refers to eie3810_tftlcd.o(i.EIE3810_TFTLCD_WrData) for EIE3810_TFTLCD_WrData
    eie3810_tftlcd.o(i.EIE3810_TFTLCD_ShowString) refers to eie3810_tftlcd.o(.constdata) for asc2_1608
    eie3810_tftlcd.o(i.EIE3810_TFTLCD_ShowString2412) refers to eie3810_tftlcd.o(i.EIE3810_TFTLCD_ShowChar2412) for EIE3810_TFTLCD_ShowChar2412
    __main.o(!!!main) refers to __rtentry.o(.ARM.Collect$$rtentry$$00000000) for __rt_entry
    __rtentry.o(.ARM.Collect$$rtentry$$00000000) refers (Special) to __rtentry2.o(.ARM.Collect$$rtentry$$0000000A) for __rt_entry_li
    __rtentry.o(.ARM.Collect$$rtentry$$00000000) refers (Special) to __rtentry2.o(.ARM.Collect$$rtentry$$0000000D) for __rt_entry_main
    __rtentry.o(.ARM.Collect$$rtentry$$00000000) refers (Special) to __rtentry2.o(.ARM.Collect$$rtentry$$0000000C) for __rt_entry_postli_1
    __rtentry.o(.ARM.Collect$$rtentry$$00000000) refers (Special) to __rtentry2.o(.ARM.Collect$$rtentry$$00000009) for __rt_entry_postsh_1
    __rtentry.o(.ARM.Collect$$rtentry$$00000000) refers (Special) to __rtentry2.o(.ARM.Collect$$rtentry$$00000002) for __rt_entry_presh_1
    __rtentry.o(.ARM.Collect$$rtentry$$00000000) refers (Special) to __rtentry4.o(.ARM.Collect$$rtentry$$00000004) for __rt_entry_sh
    __rtentry2.o(.ARM.Collect$$rtentry$$00000008) refers to boardinit2.o(.text) for _platform_post_stackheap_init
    __rtentry2.o(.ARM.Collect$$rtentry$$0000000A) refers to libinit.o(.ARM.Collect$$libinit$$00000000) for __rt_lib_init
    __rtentry2.o(.ARM.Collect$$rtentry$$0000000B) refers to boardinit3.o(.text) for _platform_post_lib_init
    __rtentry2.o(.ARM.Collect$$rtentry$$0000000D) refers to main.o(i.main) for main
    __rtentry2.o(.ARM.Collect$$rtentry$$0000000D) refers to exit.o(.text) for exit
    __rtentry2.o(.ARM.exidx) refers to __rtentry2.o(.ARM.Collect$$rtentry$$00000001) for .ARM.Collect$$rtentry$$00000001
    __rtentry2.o(.ARM.exidx) refers to __rtentry2.o(.ARM.Collect$$rtentry$$00000008) for .ARM.Collect$$rtentry$$00000008
    __rtentry2.o(.ARM.exidx) refers to __rtentry2.o(.ARM.Collect$$rtentry$$0000000A) for .ARM.Collect$$rtentry$$0000000A
    __rtentry2.o(.ARM.exidx) refers to __rtentry2.o(.ARM.Collect$$rtentry$$0000000B) for .ARM.Collect$$rtentry$$0000000B
    __rtentry2.o(.ARM.exidx) refers to __rtentry2.o(.ARM.Collect$$rtentry$$0000000D) for .ARM.Collect$$rtentry$$0000000D
    __rtentry4.o(.ARM.Collect$$rtentry$$00000004) refers to sys_stackheap_outer.o(.text) for __user_setup_stackheap
    __rtentry4.o(.ARM.exidx) refers to __rtentry4.o(.ARM.Collect$$rtentry$$00000004) for .ARM.Collect$$rtentry$$00000004
    sys_stackheap_outer.o(.text) refers to libspace.o(.text) for __user_perproc_libspace
    sys_stackheap_outer.o(.text) refers to startup_stm32f10x_hd.o(.text) for __user_initial_stackheap
    exit.o(.text) refers to rtexit.o(.ARM.Collect$$rtexit$$00000000) for __rt_exit
    libinit.o(.ARM.Collect$$libinit$$00000000) refers (Special) to libinit2.o(.ARM.Collect$$libinit$$0000002E) for __rt_lib_init_alloca_1
    libinit.o(.ARM.Collect$$libinit$$00000000) refers (Special) to libinit2.o(.ARM.Collect$$libinit$$0000002C) for __rt_lib_init_argv_1
    libinit.o(.ARM.Collect$$libinit$$00000000) refers (Special) to libinit2.o(.ARM.Collect$$libinit$$0000001B) for __rt_lib_init_atexit_1
    libinit.o(.ARM.Collect$$libinit$$00000000) refers (Special) to libinit2.o(.ARM.Collect$$libinit$$00000021) for __rt_lib_init_clock_1
    libinit.o(.ARM.Collect$$libinit$$00000000) refers (Special) to libinit2.o(.ARM.Collect$$libinit$$00000032) for __rt_lib_init_cpp_1
    libinit.o(.ARM.Collect$$libinit$$00000000) refers (Special) to libinit2.o(.ARM.Collect$$libinit$$00000030) for __rt_lib_init_exceptions_1
    libinit.o(.ARM.Collect$$libinit$$00000000) refers (Special) to libinit2.o(.ARM.Collect$$libinit$$00000002) for __rt_lib_init_fp_1
    libinit.o(.ARM.Collect$$libinit$$00000000) refers (Special) to libinit2.o(.ARM.Collect$$libinit$$0000001F) for __rt_lib_init_fp_trap_1
    libinit.o(.ARM.Collect$$libinit$$00000000) refers (Special) to libinit2.o(.ARM.Collect$$libinit$$00000023) for __rt_lib_init_getenv_1
    libinit.o(.ARM.Collect$$libinit$$00000000) refers (Special) to libinit2.o(.ARM.Collect$$libinit$$0000000A) for __rt_lib_init_heap_1
    libinit.o(.ARM.Collect$$libinit$$00000000) refers (Special) to libinit2.o(.ARM.Collect$$libinit$$00000011) for __rt_lib_init_lc_collate_1
    libinit.o(.ARM.Collect$$libinit$$00000000) refers (Special) to libinit2.o(.ARM.Collect$$libinit$$00000013) for __rt_lib_init_lc_ctype_1
    libinit.o(.ARM.Collect$$libinit$$00000000) refers (Special) to libinit2.o(.ARM.Collect$$libinit$$00000015) for __rt_lib_init_lc_monetary_1
    libinit.o(.ARM.Collect$$libinit$$00000000) refers (Special) to libinit2.o(.ARM.Collect$$libinit$$00000017) for __rt_lib_init_lc_numeric_1
    libinit.o(.ARM.Collect$$libinit$$00000000) refers (Special) to libinit2.o(.ARM.Collect$$libinit$$00000019) for __rt_lib_init_lc_time_1
    libinit.o(.ARM.Collect$$libinit$$00000000) refers (Special) to libinit2.o(.ARM.Collect$$libinit$$00000004) for __rt_lib_init_preinit_1
    libinit.o(.ARM.Collect$$libinit$$00000000) refers (Special) to libinit2.o(.ARM.Collect$$libinit$$0000000E) for __rt_lib_init_rand_1
    libinit.o(.ARM.Collect$$libinit$$00000000) refers (Special) to libinit2.o(.ARM.Collect$$libinit$$00000033) for __rt_lib_init_return
    libinit.o(.ARM.Collect$$libinit$$00000000) refers (Special) to libinit2.o(.ARM.Collect$$libinit$$0000001D) for __rt_lib_init_signal_1
    libinit.o(.ARM.Collect$$libinit$$00000000) refers (Special) to libinit2.o(.ARM.Collect$$libinit$$00000025) for __rt_lib_init_stdio_1
    libinit.o(.ARM.Collect$$libinit$$00000000) refers (Special) to libinit2.o(.ARM.Collect$$libinit$$0000000C) for __rt_lib_init_user_alloc_1
    libspace.o(.text) refers to libspace.o(.bss) for __libspace_start
    rtexit.o(.ARM.Collect$$rtexit$$00000000) refers (Special) to rtexit2.o(.ARM.Collect$$rtexit$$00000004) for __rt_exit_exit
    rtexit.o(.ARM.Collect$$rtexit$$00000000) refers (Special) to rtexit2.o(.ARM.Collect$$rtexit$$00000003) for __rt_exit_ls
    rtexit.o(.ARM.Collect$$rtexit$$00000000) refers (Special) to rtexit2.o(.ARM.Collect$$rtexit$$00000002) for __rt_exit_prels_1
    rtexit.o(.ARM.exidx) refers (Special) to rtexit2.o(.ARM.Collect$$rtexit$$00000004) for __rt_exit_exit
    rtexit.o(.ARM.exidx) refers (Special) to rtexit2.o(.ARM.Collect$$rtexit$$00000003) for __rt_exit_ls
    rtexit.o(.ARM.exidx) refers (Special) to rtexit2.o(.ARM.Collect$$rtexit$$00000002) for __rt_exit_prels_1
    rtexit.o(.ARM.exidx) refers to rtexit.o(.ARM.Collect$$rtexit$$00000000) for .ARM.Collect$$rtexit$$00000000
    libinit2.o(.ARM.Collect$$libinit$$00000010) refers to libinit2.o(.ARM.Collect$$libinit$$0000000F) for .ARM.Collect$$libinit$$0000000F
    libinit2.o(.ARM.Collect$$libinit$$00000012) refers to libinit2.o(.ARM.Collect$$libinit$$0000000F) for .ARM.Collect$$libinit$$0000000F
    libinit2.o(.ARM.Collect$$libinit$$00000014) refers to libinit2.o(.ARM.Collect$$libinit$$0000000F) for .ARM.Collect$$libinit$$0000000F
    libinit2.o(.ARM.Collect$$libinit$$00000016) refers to libinit2.o(.ARM.Collect$$libinit$$0000000F) for .ARM.Collect$$libinit$$0000000F
    libinit2.o(.ARM.Collect$$libinit$$00000018) refers to libinit2.o(.ARM.Collect$$libinit$$0000000F) for .ARM.Collect$$libinit$$0000000F
    libinit2.o(.ARM.Collect$$libinit$$00000026) refers to argv_veneer.o(.emb_text) for __ARM_argv_veneer
    libinit2.o(.ARM.Collect$$libinit$$00000027) refers to argv_veneer.o(.emb_text) for __ARM_argv_veneer
    rtexit2.o(.ARM.Collect$$rtexit$$00000003) refers to libshutdown.o(.ARM.Collect$$libshutdown$$00000000) for __rt_lib_shutdown
    rtexit2.o(.ARM.Collect$$rtexit$$00000004) refers to sys_exit.o(.text) for _sys_exit
    rtexit2.o(.ARM.exidx) refers to rtexit2.o(.ARM.Collect$$rtexit$$00000001) for .ARM.Collect$$rtexit$$00000001
    rtexit2.o(.ARM.exidx) refers to rtexit2.o(.ARM.Collect$$rtexit$$00000003) for .ARM.Collect$$rtexit$$00000003
    rtexit2.o(.ARM.exidx) refers to rtexit2.o(.ARM.Collect$$rtexit$$00000004) for .ARM.Collect$$rtexit$$00000004
    argv_veneer.o(.emb_text) refers to no_argv.o(.text) for __ARM_get_argv
    sys_exit.o(.text) refers (Special) to use_no_semi.o(.text) for __I$use$semihosting
    sys_exit.o(.text) refers (Special) to indicate_semi.o(.text) for __semihosting_library_function
    _get_argv_nomalloc.o(.text) refers (Special) to hrguard.o(.text) for __heap_region$guard
    _get_argv_nomalloc.o(.text) refers to defsig_rtmem_outer.o(.text) for __rt_SIGRTMEM
    _get_argv_nomalloc.o(.text) refers to sys_command.o(.text) for _sys_command_string
    libshutdown.o(.ARM.Collect$$libshutdown$$00000000) refers (Special) to libshutdown2.o(.ARM.Collect$$libshutdown$$00000002) for __rt_lib_shutdown_cpp_1
    libshutdown.o(.ARM.Collect$$libshutdown$$00000000) refers (Special) to libshutdown2.o(.ARM.Collect$$libshutdown$$00000007) for __rt_lib_shutdown_fp_trap_1
    libshutdown.o(.ARM.Collect$$libshutdown$$00000000) refers (Special) to libshutdown2.o(.ARM.Collect$$libshutdown$$0000000F) for __rt_lib_shutdown_heap_1
    libshutdown.o(.ARM.Collect$$libshutdown$$00000000) refers (Special) to libshutdown2.o(.ARM.Collect$$libshutdown$$00000010) for __rt_lib_shutdown_return
    libshutdown.o(.ARM.Collect$$libshutdown$$00000000) refers (Special) to libshutdown2.o(.ARM.Collect$$libshutdown$$0000000A) for __rt_lib_shutdown_signal_1
    libshutdown.o(.ARM.Collect$$libshutdown$$00000000) refers (Special) to libshutdown2.o(.ARM.Collect$$libshutdown$$00000004) for __rt_lib_shutdown_stdio_1
    libshutdown.o(.ARM.Collect$$libshutdown$$00000000) refers (Special) to libshutdown2.o(.ARM.Collect$$libshutdown$$0000000C) for __rt_lib_shutdown_user_alloc_1
    sys_command.o(.text) refers (Special) to use_no_semi.o(.text) for __I$use$semihosting
    sys_command.o(.text) refers (Special) to indicate_semi.o(.text) for __semihosting_library_function
    defsig_rtmem_outer.o(.text) refers to defsig_rtmem_inner.o(.text) for __rt_SIGRTMEM_inner
    defsig_rtmem_outer.o(.text) refers to defsig_exit.o(.text) for __sig_exit
    defsig_rtmem_formal.o(.text) refers to rt_raise.o(.text) for __rt_raise
    rt_raise.o(.text) refers to __raise.o(.text) for __raise
    rt_raise.o(.text) refers to sys_exit.o(.text) for _sys_exit
    defsig_exit.o(.text) refers to sys_exit.o(.text) for _sys_exit
    defsig_rtmem_inner.o(.text) refers to defsig_general.o(.text) for __default_signal_display
    __raise.o(.text) refers to defsig.o(CL$$defsig) for __default_signal_handler
    defsig_general.o(.text) refers to sys_wrch.o(.text) for _ttywrch
    sys_wrch.o(.text) refers (Special) to use_no_semi.o(.text) for __I$use$semihosting
    sys_wrch.o(.text) refers (Special) to indicate_semi.o(.text) for __semihosting_library_function
    defsig.o(CL$$defsig) refers to defsig_rtmem_inner.o(.text) for __rt_SIGRTMEM_inner
    defsig_abrt_inner.o(.text) refers to defsig_general.o(.text) for __default_signal_display
    defsig_fpe_inner.o(.text) refers to defsig_general.o(.text) for __default_signal_display
    defsig_rtred_inner.o(.text) refers to defsig_general.o(.text) for __default_signal_display
    defsig_stak_inner.o(.text) refers to defsig_general.o(.text) for __default_signal_display
    defsig_pvfn_inner.o(.text) refers to defsig_general.o(.text) for __default_signal_display
    defsig_cppl_inner.o(.text) refers to defsig_general.o(.text) for __default_signal_display
    defsig_segv_inner.o(.text) refers to defsig_general.o(.text) for __default_signal_display
    defsig_other.o(.text) refers to defsig_general.o(.text) for __default_signal_display


==============================================================================

Removing Unused input sections from the image.

    Removing stm32f10x_rcc.o(i.RCC_ADCCLKConfig), (24 bytes).
    Removing stm32f10x_rcc.o(i.RCC_AHBPeriphClockCmd), (32 bytes).
    Removing stm32f10x_rcc.o(i.RCC_APB1PeriphClockCmd), (32 bytes).
    Removing stm32f10x_rcc.o(i.RCC_APB1PeriphResetCmd), (32 bytes).
    Removing stm32f10x_rcc.o(i.RCC_APB2PeriphClockCmd), (32 bytes).
    Removing stm32f10x_rcc.o(i.RCC_APB2PeriphResetCmd), (32 bytes).
    Removing stm32f10x_rcc.o(i.RCC_AdjustHSICalibrationValue), (24 bytes).
    Removing stm32f10x_rcc.o(i.RCC_BackupResetCmd), (12 bytes).
    Removing stm32f10x_rcc.o(i.RCC_ClearFlag), (20 bytes).
    Removing stm32f10x_rcc.o(i.RCC_ClearITPendingBit), (12 bytes).
    Removing stm32f10x_rcc.o(i.RCC_ClockSecuritySystemCmd), (12 bytes).
    Removing stm32f10x_rcc.o(i.RCC_DeInit), (76 bytes).
    Removing stm32f10x_rcc.o(i.RCC_GetClocksFreq), (212 bytes).
    Removing stm32f10x_rcc.o(i.RCC_GetFlagStatus), (60 bytes).
    Removing stm32f10x_rcc.o(i.RCC_GetITStatus), (24 bytes).
    Removing stm32f10x_rcc.o(i.RCC_GetSYSCLKSource), (16 bytes).
    Removing stm32f10x_rcc.o(i.RCC_HCLKConfig), (24 bytes).
    Removing stm32f10x_rcc.o(i.RCC_HSEConfig), (76 bytes).
    Removing stm32f10x_rcc.o(i.RCC_HSICmd), (12 bytes).
    Removing stm32f10x_rcc.o(i.RCC_ITConfig), (32 bytes).
    Removing stm32f10x_rcc.o(i.RCC_LSEConfig), (52 bytes).
    Removing stm32f10x_rcc.o(i.RCC_LSICmd), (12 bytes).
    Removing stm32f10x_rcc.o(i.RCC_MCOConfig), (12 bytes).
    Removing stm32f10x_rcc.o(i.RCC_PCLK1Config), (24 bytes).
    Removing stm32f10x_rcc.o(i.RCC_PCLK2Config), (24 bytes).
    Removing stm32f10x_rcc.o(i.RCC_PLLCmd), (12 bytes).
    Removing stm32f10x_rcc.o(i.RCC_PLLConfig), (28 bytes).
    Removing stm32f10x_rcc.o(i.RCC_RTCCLKCmd), (12 bytes).
    Removing stm32f10x_rcc.o(i.RCC_RTCCLKConfig), (16 bytes).
    Removing stm32f10x_rcc.o(i.RCC_SYSCLKConfig), (24 bytes).
    Removing stm32f10x_rcc.o(i.RCC_USBCLKConfig), (12 bytes).
    Removing stm32f10x_rcc.o(i.RCC_WaitForHSEStartUp), (56 bytes).
    Removing stm32f10x_rcc.o(.data), (20 bytes).
    Removing stm32f10x_gpio.o(i.GPIO_AFIODeInit), (20 bytes).
    Removing stm32f10x_gpio.o(i.GPIO_DeInit), (200 bytes).
    Removing stm32f10x_gpio.o(i.GPIO_ETH_MediaInterfaceConfig), (12 bytes).
    Removing stm32f10x_gpio.o(i.GPIO_EXTILineConfig), (64 bytes).
    Removing stm32f10x_gpio.o(i.GPIO_EventOutputCmd), (12 bytes).
    Removing stm32f10x_gpio.o(i.GPIO_EventOutputConfig), (32 bytes).
    Removing stm32f10x_gpio.o(i.GPIO_Init), (278 bytes).
    Removing stm32f10x_gpio.o(i.GPIO_PinLockConfig), (18 bytes).
    Removing stm32f10x_gpio.o(i.GPIO_PinRemapConfig), (144 bytes).
    Removing stm32f10x_gpio.o(i.GPIO_ReadInputData), (8 bytes).
    Removing stm32f10x_gpio.o(i.GPIO_ReadInputDataBit), (18 bytes).
    Removing stm32f10x_gpio.o(i.GPIO_ReadOutputData), (8 bytes).
    Removing stm32f10x_gpio.o(i.GPIO_ReadOutputDataBit), (18 bytes).
    Removing stm32f10x_gpio.o(i.GPIO_ResetBits), (4 bytes).
    Removing stm32f10x_gpio.o(i.GPIO_SetBits), (4 bytes).
    Removing stm32f10x_gpio.o(i.GPIO_StructInit), (16 bytes).
    Removing stm32f10x_gpio.o(i.GPIO_Write), (4 bytes).
    Removing stm32f10x_gpio.o(i.GPIO_WriteBit), (10 bytes).
    Removing core_cm3.o(.emb_text), (32 bytes).
    Removing system_stm32f10x.o(i.SystemCoreClockUpdate), (164 bytes).
    Removing system_stm32f10x.o(.data), (20 bytes).
    Removing eie3810_usart.o(i.USART1_Send), (28 bytes).
    Removing eie3810_usart.o(i.USART3_Send), (28 bytes).
    Removing eie3810_tftlcd.o(i.EIE3810_TFTLCD_SevenSegment), (236 bytes).
    Removing eie3810_tftlcd.o(i.EIE3810_TFTLCD_ShowChar), (204 bytes).
    Removing eie3810_tftlcd.o(i.EIE3810_TFTLCD_ShowString), (340 bytes).

59 unused section(s) (total 3022 bytes) removed from the image.

==============================================================================

Image Symbol Table

    Local Symbols

    Symbol Name                              Value     Ov Type        Size  Object(Section)

    ../clib/angel/boardlib.s                 0x00000000   Number         0  boardinit1.o ABSOLUTE
    ../clib/angel/boardlib.s                 0x00000000   Number         0  boardinit2.o ABSOLUTE
    ../clib/angel/boardlib.s                 0x00000000   Number         0  boardinit3.o ABSOLUTE
    ../clib/angel/boardlib.s                 0x00000000   Number         0  boardshut.o ABSOLUTE
    ../clib/angel/handlers.s                 0x00000000   Number         0  __scatter_zi.o ABSOLUTE
    ../clib/angel/handlers.s                 0x00000000   Number         0  __scatter_copy.o ABSOLUTE
    ../clib/angel/kernel.s                   0x00000000   Number         0  __rtentry.o ABSOLUTE
    ../clib/angel/kernel.s                   0x00000000   Number         0  rtexit.o ABSOLUTE
    ../clib/angel/kernel.s                   0x00000000   Number         0  __rtentry2.o ABSOLUTE
    ../clib/angel/kernel.s                   0x00000000   Number         0  rtexit2.o ABSOLUTE
    ../clib/angel/kernel.s                   0x00000000   Number         0  __rtentry4.o ABSOLUTE
    ../clib/angel/rt.s                       0x00000000   Number         0  rt_raise.o ABSOLUTE
    ../clib/angel/scatter.s                  0x00000000   Number         0  __scatter.o ABSOLUTE
    ../clib/angel/startup.s                  0x00000000   Number         0  __main.o ABSOLUTE
    ../clib/angel/sys.s                      0x00000000   Number         0  indicate_semi.o ABSOLUTE
    ../clib/angel/sys.s                      0x00000000   Number         0  libspace.o ABSOLUTE
    ../clib/angel/sys.s                      0x00000000   Number         0  sys_stackheap_outer.o ABSOLUTE
    ../clib/angel/sys.s                      0x00000000   Number         0  use_no_semi.o ABSOLUTE
    ../clib/angel/sysapp.c                   0x00000000   Number         0  sys_command.o ABSOLUTE
    ../clib/angel/sysapp.c                   0x00000000   Number         0  sys_wrch.o ABSOLUTE
    ../clib/angel/sysapp.c                   0x00000000   Number         0  sys_exit.o ABSOLUTE
    ../clib/armsys.c                         0x00000000   Number         0  argv_veneer.o ABSOLUTE
    ../clib/armsys.c                         0x00000000   Number         0  argv_veneer.o ABSOLUTE
    ../clib/armsys.c                         0x00000000   Number         0  _get_argv_nomalloc.o ABSOLUTE
    ../clib/armsys.c                         0x00000000   Number         0  no_argv.o ABSOLUTE
    ../clib/heapalloc.c                      0x00000000   Number         0  hrguard.o ABSOLUTE
    ../clib/heapaux.c                        0x00000000   Number         0  heapauxi.o ABSOLUTE
    ../clib/libinit.s                        0x00000000   Number         0  libshutdown.o ABSOLUTE
    ../clib/libinit.s                        0x00000000   Number         0  libshutdown2.o ABSOLUTE
    ../clib/libinit.s                        0x00000000   Number         0  libinit2.o ABSOLUTE
    ../clib/libinit.s                        0x00000000   Number         0  libinit.o ABSOLUTE
    ../clib/signal.c                         0x00000000   Number         0  defsig_fpe_inner.o ABSOLUTE
    ../clib/signal.c                         0x00000000   Number         0  defsig_pvfn_inner.o ABSOLUTE
    ../clib/signal.c                         0x00000000   Number         0  defsig_rtmem_inner.o ABSOLUTE
    ../clib/signal.c                         0x00000000   Number         0  defsig_exit.o ABSOLUTE
    ../clib/signal.c                         0x00000000   Number         0  defsig_general.o ABSOLUTE
    ../clib/signal.c                         0x00000000   Number         0  __raise.o ABSOLUTE
    ../clib/signal.c                         0x00000000   Number         0  defsig_abrt_inner.o ABSOLUTE
    ../clib/signal.c                         0x00000000   Number         0  defsig_rtmem_formal.o ABSOLUTE
    ../clib/signal.c                         0x00000000   Number         0  defsig_rtmem_outer.o ABSOLUTE
    ../clib/signal.c                         0x00000000   Number         0  defsig_cppl_inner.o ABSOLUTE
    ../clib/signal.c                         0x00000000   Number         0  defsig_segv_inner.o ABSOLUTE
    ../clib/signal.c                         0x00000000   Number         0  defsig_other.o ABSOLUTE
    ../clib/signal.c                         0x00000000   Number         0  defsig_rtred_inner.o ABSOLUTE
    ../clib/signal.c                         0x00000000   Number         0  defsig_stak_inner.o ABSOLUTE
    ../clib/signal.s                         0x00000000   Number         0  defsig.o ABSOLUTE
    ../clib/stdlib.c                         0x00000000   Number         0  exit.o ABSOLUTE
    ../fplib/fpinit.s                        0x00000000   Number         0  fpinit.o ABSOLUTE
    Board\EIE3810_EXTI.c                     0x00000000   Number         0  eie3810_exti.o ABSOLUTE
    Board\EIE3810_GPIO.c                     0x00000000   Number         0  eie3810_gpio.o ABSOLUTE
    Board\EIE3810_TFTLCD.c                   0x00000000   Number         0  eie3810_tftlcd.o ABSOLUTE
    Board\EIE3810_TIM.c                      0x00000000   Number         0  eie3810_tim.o ABSOLUTE
    Board\EIE3810_USART.c                    0x00000000   Number         0  eie3810_usart.o ABSOLUTE
    Board\EIE3810_clock.c                    0x00000000   Number         0  eie3810_clock.o ABSOLUTE
    Board\game.c                             0x00000000   Number         0  game.o ABSOLUTE
    Core\\core_cm3.c                         0x00000000   Number         0  core_cm3.o ABSOLUTE
    Core\core_cm3.c                          0x00000000   Number         0  core_cm3.o ABSOLUTE
    Core\startup_stm32f10x_hd.s              0x00000000   Number         0  startup_stm32f10x_hd.o ABSOLUTE
    Core\system_stm32f10x.c                  0x00000000   Number         0  system_stm32f10x.o ABSOLUTE
    Fw_lib\src\stm32f10x_gpio.c              0x00000000   Number         0  stm32f10x_gpio.o ABSOLUTE
    Fw_lib\src\stm32f10x_rcc.c               0x00000000   Number         0  stm32f10x_rcc.o ABSOLUTE
    User\main.c                              0x00000000   Number         0  main.o ABSOLUTE
    User\stm32f10x_it.c                      0x00000000   Number         0  stm32f10x_it.o ABSOLUTE
    dc.s                                     0x00000000   Number         0  dc.o ABSOLUTE
    RESET                                    0x08000000   Section      304  startup_stm32f10x_hd.o(RESET)
    !!!main                                  0x08000130   Section        8  __main.o(!!!main)
    !!!scatter                               0x08000138   Section       52  __scatter.o(!!!scatter)
    !!handler_copy                           0x0800016c   Section       26  __scatter_copy.o(!!handler_copy)
    !!handler_zi                             0x08000188   Section       28  __scatter_zi.o(!!handler_zi)
    .ARM.Collect$$libinit$$00000000          0x080001a4   Section        2  libinit.o(.ARM.Collect$$libinit$$00000000)
    .ARM.Collect$$libinit$$00000002          0x080001a6   Section        0  libinit2.o(.ARM.Collect$$libinit$$00000002)
    .ARM.Collect$$libinit$$00000004          0x080001a6   Section        0  libinit2.o(.ARM.Collect$$libinit$$00000004)
    .ARM.Collect$$libinit$$0000000A          0x080001a6   Section        0  libinit2.o(.ARM.Collect$$libinit$$0000000A)
    .ARM.Collect$$libinit$$0000000C          0x080001a6   Section        0  libinit2.o(.ARM.Collect$$libinit$$0000000C)
    .ARM.Collect$$libinit$$0000000E          0x080001a6   Section        0  libinit2.o(.ARM.Collect$$libinit$$0000000E)
    .ARM.Collect$$libinit$$00000011          0x080001a6   Section        0  libinit2.o(.ARM.Collect$$libinit$$00000011)
    .ARM.Collect$$libinit$$00000013          0x080001a6   Section        0  libinit2.o(.ARM.Collect$$libinit$$00000013)
    .ARM.Collect$$libinit$$00000015          0x080001a6   Section        0  libinit2.o(.ARM.Collect$$libinit$$00000015)
    .ARM.Collect$$libinit$$00000017          0x080001a6   Section        0  libinit2.o(.ARM.Collect$$libinit$$00000017)
    .ARM.Collect$$libinit$$00000019          0x080001a6   Section        0  libinit2.o(.ARM.Collect$$libinit$$00000019)
    .ARM.Collect$$libinit$$0000001B          0x080001a6   Section        0  libinit2.o(.ARM.Collect$$libinit$$0000001B)
    .ARM.Collect$$libinit$$0000001D          0x080001a6   Section        0  libinit2.o(.ARM.Collect$$libinit$$0000001D)
    .ARM.Collect$$libinit$$0000001F          0x080001a6   Section        0  libinit2.o(.ARM.Collect$$libinit$$0000001F)
    .ARM.Collect$$libinit$$00000021          0x080001a6   Section        0  libinit2.o(.ARM.Collect$$libinit$$00000021)
    .ARM.Collect$$libinit$$00000023          0x080001a6   Section        0  libinit2.o(.ARM.Collect$$libinit$$00000023)
    .ARM.Collect$$libinit$$00000025          0x080001a6   Section        0  libinit2.o(.ARM.Collect$$libinit$$00000025)
    .ARM.Collect$$libinit$$0000002C          0x080001a6   Section        0  libinit2.o(.ARM.Collect$$libinit$$0000002C)
    .ARM.Collect$$libinit$$0000002E          0x080001a6   Section        0  libinit2.o(.ARM.Collect$$libinit$$0000002E)
    .ARM.Collect$$libinit$$00000030          0x080001a6   Section        0  libinit2.o(.ARM.Collect$$libinit$$00000030)
    .ARM.Collect$$libinit$$00000032          0x080001a6   Section        0  libinit2.o(.ARM.Collect$$libinit$$00000032)
    .ARM.Collect$$libinit$$00000033          0x080001a6   Section        2  libinit2.o(.ARM.Collect$$libinit$$00000033)
    .ARM.Collect$$libshutdown$$00000000      0x080001a8   Section        2  libshutdown.o(.ARM.Collect$$libshutdown$$00000000)
    .ARM.Collect$$libshutdown$$00000002      0x080001aa   Section        0  libshutdown2.o(.ARM.Collect$$libshutdown$$00000002)
    .ARM.Collect$$libshutdown$$00000004      0x080001aa   Section        0  libshutdown2.o(.ARM.Collect$$libshutdown$$00000004)
    .ARM.Collect$$libshutdown$$00000007      0x080001aa   Section        0  libshutdown2.o(.ARM.Collect$$libshutdown$$00000007)
    .ARM.Collect$$libshutdown$$0000000A      0x080001aa   Section        0  libshutdown2.o(.ARM.Collect$$libshutdown$$0000000A)
    .ARM.Collect$$libshutdown$$0000000C      0x080001aa   Section        0  libshutdown2.o(.ARM.Collect$$libshutdown$$0000000C)
    .ARM.Collect$$libshutdown$$0000000F      0x080001aa   Section        0  libshutdown2.o(.ARM.Collect$$libshutdown$$0000000F)
    .ARM.Collect$$libshutdown$$00000010      0x080001aa   Section        2  libshutdown2.o(.ARM.Collect$$libshutdown$$00000010)
    .ARM.Collect$$rtentry$$00000000          0x080001ac   Section        0  __rtentry.o(.ARM.Collect$$rtentry$$00000000)
    .ARM.Collect$$rtentry$$00000002          0x080001ac   Section        0  __rtentry2.o(.ARM.Collect$$rtentry$$00000002)
    .ARM.Collect$$rtentry$$00000004          0x080001ac   Section        6  __rtentry4.o(.ARM.Collect$$rtentry$$00000004)
    .ARM.Collect$$rtentry$$00000009          0x080001b2   Section        0  __rtentry2.o(.ARM.Collect$$rtentry$$00000009)
    .ARM.Collect$$rtentry$$0000000A          0x080001b2   Section        4  __rtentry2.o(.ARM.Collect$$rtentry$$0000000A)
    .ARM.Collect$$rtentry$$0000000C          0x080001b6   Section        0  __rtentry2.o(.ARM.Collect$$rtentry$$0000000C)
    .ARM.Collect$$rtentry$$0000000D          0x080001b6   Section        8  __rtentry2.o(.ARM.Collect$$rtentry$$0000000D)
    .ARM.Collect$$rtexit$$00000000           0x080001be   Section        2  rtexit.o(.ARM.Collect$$rtexit$$00000000)
    .ARM.Collect$$rtexit$$00000002           0x080001c0   Section        0  rtexit2.o(.ARM.Collect$$rtexit$$00000002)
    .ARM.Collect$$rtexit$$00000003           0x080001c0   Section        4  rtexit2.o(.ARM.Collect$$rtexit$$00000003)
    .ARM.Collect$$rtexit$$00000004           0x080001c4   Section        6  rtexit2.o(.ARM.Collect$$rtexit$$00000004)
    .text                                    0x080001cc   Section       64  startup_stm32f10x_hd.o(.text)
    .text                                    0x0800020c   Section        0  heapauxi.o(.text)
    .text                                    0x08000212   Section       74  sys_stackheap_outer.o(.text)
    .text                                    0x0800025c   Section        0  exit.o(.text)
    .text                                    0x08000270   Section        8  libspace.o(.text)
    .text                                    0x08000278   Section        0  sys_exit.o(.text)
    .text                                    0x08000284   Section        2  use_no_semi.o(.text)
    .text                                    0x08000286   Section        0  indicate_semi.o(.text)
    i.BusFault_Handler                       0x08000286   Section        0  stm32f10x_it.o(i.BusFault_Handler)
    i.Buzzer_Off                             0x0800028c   Section        0  eie3810_gpio.o(i.Buzzer_Off)
    i.Buzzer_On                              0x080002a0   Section        0  eie3810_gpio.o(i.Buzzer_On)
    i.DebugMon_Handler                       0x080002b4   Section        0  stm32f10x_it.o(i.DebugMon_Handler)
    i.Delay                                  0x080002b6   Section        0  eie3810_gpio.o(i.Delay)
    i.EIE3810_GPIO_Init                      0x080002c4   Section        0  eie3810_gpio.o(i.EIE3810_GPIO_Init)
    i.EIE3810_NVIC_Init                      0x080003e8   Section        0  eie3810_exti.o(i.EIE3810_NVIC_Init)
    i.EIE3810_TFTLCD_Clear                   0x08000444   Section        0  eie3810_tftlcd.o(i.EIE3810_TFTLCD_Clear)
    i.EIE3810_TFTLCD_DrawCircle              0x080004d8   Section        0  eie3810_tftlcd.o(i.EIE3810_TFTLCD_DrawCircle)
    i.EIE3810_TFTLCD_DrawDot                 0x08000636   Section        0  eie3810_tftlcd.o(i.EIE3810_TFTLCD_DrawDot)
    i.EIE3810_TFTLCD_DrawRectangle           0x08000684   Section        0  eie3810_tftlcd.o(i.EIE3810_TFTLCD_DrawRectangle)
    i.EIE3810_TFTLCD_FillRectangle           0x080006ea   Section        0  eie3810_tftlcd.o(i.EIE3810_TFTLCD_FillRectangle)
    i.EIE3810_TFTLCD_FillScreen              0x08000798   Section        0  eie3810_tftlcd.o(i.EIE3810_TFTLCD_FillScreen)
    i.EIE3810_TFTLCD_Init                    0x080007a4   Section        0  eie3810_tftlcd.o(i.EIE3810_TFTLCD_Init)
    i.EIE3810_TFTLCD_SetParameter            0x08000928   Section        0  eie3810_tftlcd.o(i.EIE3810_TFTLCD_SetParameter)
    i.EIE3810_TFTLCD_ShowChar2412            0x080017f8   Section        0  eie3810_tftlcd.o(i.EIE3810_TFTLCD_ShowChar2412)
    i.EIE3810_TFTLCD_ShowString2412          0x08001918   Section        0  eie3810_tftlcd.o(i.EIE3810_TFTLCD_ShowString2412)
    i.EIE3810_TFTLCD_WrCmd                   0x0800194e   Section        0  eie3810_tftlcd.o(i.EIE3810_TFTLCD_WrCmd)
    i.EIE3810_TFTLCD_WrCmdData               0x08001958   Section        0  eie3810_tftlcd.o(i.EIE3810_TFTLCD_WrCmdData)
    i.EIE3810_TFTLCD_WrData                  0x08001968   Section        0  eie3810_tftlcd.o(i.EIE3810_TFTLCD_WrData)
    i.EIE3810_TIM3_Init                      0x08001974   Section        0  eie3810_tim.o(i.EIE3810_TIM3_Init)
    i.EIE3810_USART1_Init                    0x080019d0   Section        0  eie3810_usart.o(i.EIE3810_USART1_Init)
    i.EIE3810_USART3_Init                    0x08001a88   Section        0  eie3810_usart.o(i.EIE3810_USART3_Init)
    i.EIE3810_clock_tree_init                0x08001b40   Section        0  eie3810_clock.o(i.EIE3810_clock_tree_init)
    i.EXTI0_IRQHandler                       0x08001bd0   Section        0  eie3810_exti.o(i.EXTI0_IRQHandler)
    i.EXTI2_IRQHandler                       0x08001c10   Section        0  eie3810_exti.o(i.EXTI2_IRQHandler)
    i.EXTI3_IRQHandler                       0x08001c44   Section        0  eie3810_exti.o(i.EXTI3_IRQHandler)
    i.EXTI4_IRQHandler                       0x08001ca0   Section        0  eie3810_exti.o(i.EXTI4_IRQHandler)
    i.HardFault_Handler                      0x08001cfc   Section        0  stm32f10x_it.o(i.HardFault_Handler)
    i.MemManage_Handler                      0x08001d00   Section        0  stm32f10x_it.o(i.MemManage_Handler)
    i.NMI_Handler                            0x08001d04   Section        0  stm32f10x_it.o(i.NMI_Handler)
    i.NVIC_EnableIRQ                         0x08001d06   Section        0  eie3810_usart.o(i.NVIC_EnableIRQ)
    NVIC_EnableIRQ                           0x08001d07   Thumb Code    22  eie3810_usart.o(i.NVIC_EnableIRQ)
    i.NVIC_SetPriority                       0x08001d1c   Section        0  eie3810_usart.o(i.NVIC_SetPriority)
    NVIC_SetPriority                         0x08001d1d   Thumb Code    32  eie3810_usart.o(i.NVIC_SetPriority)
    i.PendSV_Handler                         0x08001d44   Section        0  stm32f10x_it.o(i.PendSV_Handler)
    i.SVC_Handler                            0x08001d46   Section        0  stm32f10x_it.o(i.SVC_Handler)
    i.SetSysClock                            0x08001d48   Section        0  system_stm32f10x.o(i.SetSysClock)
    SetSysClock                              0x08001d49   Thumb Code     8  system_stm32f10x.o(i.SetSysClock)
    i.SetSysClockTo72                        0x08001d50   Section        0  system_stm32f10x.o(i.SetSysClockTo72)
    SetSysClockTo72                          0x08001d51   Thumb Code   214  system_stm32f10x.o(i.SetSysClockTo72)
    i.SysTick_Handler                        0x08001e30   Section        0  stm32f10x_it.o(i.SysTick_Handler)
    i.SystemInit                             0x08001e34   Section        0  system_stm32f10x.o(i.SystemInit)
    i.TIM3_IRQHandler                        0x08001e94   Section        0  eie3810_tim.o(i.TIM3_IRQHandler)
    i.USART1_IRQHandler                      0x08001ec4   Section        0  eie3810_usart.o(i.USART1_IRQHandler)
    i.USART3_IRQHandler                      0x08001efc   Section        0  eie3810_usart.o(i.USART3_IRQHandler)
    i.UsageFault_Handler                     0x08001f20   Section        0  stm32f10x_it.o(i.UsageFault_Handler)
    i.clearBall                              0x08001f24   Section        0  game.o(i.clearBall)
    i.drawBall                               0x08001f48   Section        0  game.o(i.drawBall)
    i.drawPads                               0x08001f6c   Section        0  game.o(i.drawPads)
    i.handleJoypadInput                      0x08001fac   Section        0  game.o(i.handleJoypadInput)
    i.initGame                               0x08002054   Section        0  game.o(i.initGame)
    i.main                                   0x08002210   Section        0  main.o(i.main)
    i.movePlayerAPad                         0x080022e8   Section        0  game.o(i.movePlayerAPad)
    i.movePlayerBPad                         0x08002360   Section        0  game.o(i.movePlayerBPad)
    i.powInt                                 0x080023d8   Section        0  game.o(i.powInt)
    i.showDifficultyScreen                   0x080023ec   Section        0  game.o(i.showDifficultyScreen)
    i.showGameOverScreen                     0x08002520   Section        0  game.o(i.showGameOverScreen)
    i.showNumber                             0x080025ac   Section        0  game.o(i.showNumber)
    i.showPauseScreen                        0x08002630   Section        0  game.o(i.showPauseScreen)
    i.showString                             0x08002664   Section        0  game.o(i.showString)
    i.showWaitUSARTScreen                    0x08002688   Section        0  game.o(i.showWaitUSARTScreen)
    i.showWelcomeScreen                      0x080026e4   Section        0  game.o(i.showWelcomeScreen)
    i.startCountdown                         0x080027a0   Section        0  game.o(i.startCountdown)
    i.updateBallPosition                     0x0800289c   Section        0  game.o(i.updateBallPosition)
    i.updateDifficultyScreen                 0x08002a94   Section        0  game.o(i.updateDifficultyScreen)
    i.updateGameDisplay                      0x08002a9c   Section        0  game.o(i.updateGameDisplay)
    .constdata                               0x08002b34   Section     6080  eie3810_tftlcd.o(.constdata)
    asc2_1206                                0x08002b34   Data        1140  eie3810_tftlcd.o(.constdata)
    asc2_1608                                0x08002fa8   Data        1520  eie3810_tftlcd.o(.constdata)
    asc2_2412                                0x08003598   Data        3420  eie3810_tftlcd.o(.constdata)
    .data                                    0x20000000   Section        6  main.o(.data)
    .data                                    0x20000008   Section       36  game.o(.data)
    lastDisplayTime                          0x20000028   Data           4  game.o(.data)
    .bss                                     0x2000002c   Section       96  libspace.o(.bss)
    HEAP                                     0x20000090   Section      512  startup_stm32f10x_hd.o(HEAP)
    Heap_Mem                                 0x20000090   Data         512  startup_stm32f10x_hd.o(HEAP)
    STACK                                    0x20000290   Section     1024  startup_stm32f10x_hd.o(STACK)
    Stack_Mem                                0x20000290   Data        1024  startup_stm32f10x_hd.o(STACK)
    __initial_sp                             0x20000690   Data           0  startup_stm32f10x_hd.o(STACK)

    Global Symbols

    Symbol Name                              Value     Ov Type        Size  Object(Section)

    BuildAttributes$$THM_ISAv4$P$D$K$B$S$PE$A:L22UL41UL21$X:L11$S22US41US21$IEEE1$IW$USESV6$~STKCKD$USESV7$~SHL$OSPACE$ROPI$EBA8$UX$STANDARDLIB$REQ8$PRES8$EABIv2 0x00000000   Number         0  anon$$obj.o ABSOLUTE
    __ARM_use_no_argv                        0x00000000   Number         0  main.o ABSOLUTE
    __ARM_exceptions_init                     - Undefined Weak Reference
    __alloca_initialize                       - Undefined Weak Reference
    __arm_preinit_                            - Undefined Weak Reference
    __cpp_initialize__aeabi_                  - Undefined Weak Reference
    __cxa_finalize                            - Undefined Weak Reference
    __rt_locale                               - Undefined Weak Reference
    __sigvec_lookup                           - Undefined Weak Reference
    _atexit_init                              - Undefined Weak Reference
    _call_atexit_fns                          - Undefined Weak Reference
    _clock_init                               - Undefined Weak Reference
    _fp_trap_init                             - Undefined Weak Reference
    _fp_trap_shutdown                         - Undefined Weak Reference
    _get_lc_collate                           - Undefined Weak Reference
    _get_lc_ctype                             - Undefined Weak Reference
    _get_lc_monetary                          - Undefined Weak Reference
    _get_lc_numeric                           - Undefined Weak Reference
    _get_lc_time                              - Undefined Weak Reference
    _getenv_init                              - Undefined Weak Reference
    _handle_redirection                       - Undefined Weak Reference
    _init_alloc                               - Undefined Weak Reference
    _init_user_alloc                          - Undefined Weak Reference
    _initio                                   - Undefined Weak Reference
    _rand_init                                - Undefined Weak Reference
    _signal_finish                            - Undefined Weak Reference
    _signal_init                              - Undefined Weak Reference
    _terminate_alloc                          - Undefined Weak Reference
    _terminate_user_alloc                     - Undefined Weak Reference
    _terminateio                              - Undefined Weak Reference
    __Vectors_Size                           0x00000130   Number         0  startup_stm32f10x_hd.o ABSOLUTE
    __Vectors                                0x08000000   Data           4  startup_stm32f10x_hd.o(RESET)
    __Vectors_End                            0x08000130   Data           0  startup_stm32f10x_hd.o(RESET)
    __main                                   0x08000131   Thumb Code     8  __main.o(!!!main)
    __scatterload                            0x08000139   Thumb Code     0  __scatter.o(!!!scatter)
    __scatterload_rt2                        0x08000139   Thumb Code    44  __scatter.o(!!!scatter)
    __scatterload_rt2_thumb_only             0x08000139   Thumb Code     0  __scatter.o(!!!scatter)
    __scatterload_null                       0x08000147   Thumb Code     0  __scatter.o(!!!scatter)
    __scatterload_copy                       0x0800016d   Thumb Code    26  __scatter_copy.o(!!handler_copy)
    __scatterload_zeroinit                   0x08000189   Thumb Code    28  __scatter_zi.o(!!handler_zi)
    __rt_lib_init                            0x080001a5   Thumb Code     0  libinit.o(.ARM.Collect$$libinit$$00000000)
    __rt_lib_init_alloca_1                   0x080001a7   Thumb Code     0  libinit2.o(.ARM.Collect$$libinit$$0000002E)
    __rt_lib_init_argv_1                     0x080001a7   Thumb Code     0  libinit2.o(.ARM.Collect$$libinit$$0000002C)
    __rt_lib_init_atexit_1                   0x080001a7   Thumb Code     0  libinit2.o(.ARM.Collect$$libinit$$0000001B)
    __rt_lib_init_clock_1                    0x080001a7   Thumb Code     0  libinit2.o(.ARM.Collect$$libinit$$00000021)
    __rt_lib_init_cpp_1                      0x080001a7   Thumb Code     0  libinit2.o(.ARM.Collect$$libinit$$00000032)
    __rt_lib_init_exceptions_1               0x080001a7   Thumb Code     0  libinit2.o(.ARM.Collect$$libinit$$00000030)
    __rt_lib_init_fp_1                       0x080001a7   Thumb Code     0  libinit2.o(.ARM.Collect$$libinit$$00000002)
    __rt_lib_init_fp_trap_1                  0x080001a7   Thumb Code     0  libinit2.o(.ARM.Collect$$libinit$$0000001F)
    __rt_lib_init_getenv_1                   0x080001a7   Thumb Code     0  libinit2.o(.ARM.Collect$$libinit$$00000023)
    __rt_lib_init_heap_1                     0x080001a7   Thumb Code     0  libinit2.o(.ARM.Collect$$libinit$$0000000A)
    __rt_lib_init_lc_collate_1               0x080001a7   Thumb Code     0  libinit2.o(.ARM.Collect$$libinit$$00000011)
    __rt_lib_init_lc_ctype_1                 0x080001a7   Thumb Code     0  libinit2.o(.ARM.Collect$$libinit$$00000013)
    __rt_lib_init_lc_monetary_1              0x080001a7   Thumb Code     0  libinit2.o(.ARM.Collect$$libinit$$00000015)
    __rt_lib_init_lc_numeric_1               0x080001a7   Thumb Code     0  libinit2.o(.ARM.Collect$$libinit$$00000017)
    __rt_lib_init_lc_time_1                  0x080001a7   Thumb Code     0  libinit2.o(.ARM.Collect$$libinit$$00000019)
    __rt_lib_init_preinit_1                  0x080001a7   Thumb Code     0  libinit2.o(.ARM.Collect$$libinit$$00000004)
    __rt_lib_init_rand_1                     0x080001a7   Thumb Code     0  libinit2.o(.ARM.Collect$$libinit$$0000000E)
    __rt_lib_init_return                     0x080001a7   Thumb Code     0  libinit2.o(.ARM.Collect$$libinit$$00000033)
    __rt_lib_init_signal_1                   0x080001a7   Thumb Code     0  libinit2.o(.ARM.Collect$$libinit$$0000001D)
    __rt_lib_init_stdio_1                    0x080001a7   Thumb Code     0  libinit2.o(.ARM.Collect$$libinit$$00000025)
    __rt_lib_init_user_alloc_1               0x080001a7   Thumb Code     0  libinit2.o(.ARM.Collect$$libinit$$0000000C)
    __rt_lib_shutdown                        0x080001a9   Thumb Code     0  libshutdown.o(.ARM.Collect$$libshutdown$$00000000)
    __rt_lib_shutdown_cpp_1                  0x080001ab   Thumb Code     0  libshutdown2.o(.ARM.Collect$$libshutdown$$00000002)
    __rt_lib_shutdown_fp_trap_1              0x080001ab   Thumb Code     0  libshutdown2.o(.ARM.Collect$$libshutdown$$00000007)
    __rt_lib_shutdown_heap_1                 0x080001ab   Thumb Code     0  libshutdown2.o(.ARM.Collect$$libshutdown$$0000000F)
    __rt_lib_shutdown_return                 0x080001ab   Thumb Code     0  libshutdown2.o(.ARM.Collect$$libshutdown$$00000010)
    __rt_lib_shutdown_signal_1               0x080001ab   Thumb Code     0  libshutdown2.o(.ARM.Collect$$libshutdown$$0000000A)
    __rt_lib_shutdown_stdio_1                0x080001ab   Thumb Code     0  libshutdown2.o(.ARM.Collect$$libshutdown$$00000004)
    __rt_lib_shutdown_user_alloc_1           0x080001ab   Thumb Code     0  libshutdown2.o(.ARM.Collect$$libshutdown$$0000000C)
    __rt_entry                               0x080001ad   Thumb Code     0  __rtentry.o(.ARM.Collect$$rtentry$$00000000)
    __rt_entry_presh_1                       0x080001ad   Thumb Code     0  __rtentry2.o(.ARM.Collect$$rtentry$$00000002)
    __rt_entry_sh                            0x080001ad   Thumb Code     0  __rtentry4.o(.ARM.Collect$$rtentry$$00000004)
    __rt_entry_li                            0x080001b3   Thumb Code     0  __rtentry2.o(.ARM.Collect$$rtentry$$0000000A)
    __rt_entry_postsh_1                      0x080001b3   Thumb Code     0  __rtentry2.o(.ARM.Collect$$rtentry$$00000009)
    __rt_entry_main                          0x080001b7   Thumb Code     0  __rtentry2.o(.ARM.Collect$$rtentry$$0000000D)
    __rt_entry_postli_1                      0x080001b7   Thumb Code     0  __rtentry2.o(.ARM.Collect$$rtentry$$0000000C)
    __rt_exit                                0x080001bf   Thumb Code     0  rtexit.o(.ARM.Collect$$rtexit$$00000000)
    __rt_exit_ls                             0x080001c1   Thumb Code     0  rtexit2.o(.ARM.Collect$$rtexit$$00000003)
    __rt_exit_prels_1                        0x080001c1   Thumb Code     0  rtexit2.o(.ARM.Collect$$rtexit$$00000002)
    __rt_exit_exit                           0x080001c5   Thumb Code     0  rtexit2.o(.ARM.Collect$$rtexit$$00000004)
    Reset_Handler                            0x080001cd   Thumb Code     8  startup_stm32f10x_hd.o(.text)
    ADC1_2_IRQHandler                        0x080001e7   Thumb Code     0  startup_stm32f10x_hd.o(.text)
    ADC3_IRQHandler                          0x080001e7   Thumb Code     0  startup_stm32f10x_hd.o(.text)
    CAN1_RX1_IRQHandler                      0x080001e7   Thumb Code     0  startup_stm32f10x_hd.o(.text)
    CAN1_SCE_IRQHandler                      0x080001e7   Thumb Code     0  startup_stm32f10x_hd.o(.text)
    DMA1_Channel1_IRQHandler                 0x080001e7   Thumb Code     0  startup_stm32f10x_hd.o(.text)
    DMA1_Channel2_IRQHandler                 0x080001e7   Thumb Code     0  startup_stm32f10x_hd.o(.text)
    DMA1_Channel3_IRQHandler                 0x080001e7   Thumb Code     0  startup_stm32f10x_hd.o(.text)
    DMA1_Channel4_IRQHandler                 0x080001e7   Thumb Code     0  startup_stm32f10x_hd.o(.text)
    DMA1_Channel5_IRQHandler                 0x080001e7   Thumb Code     0  startup_stm32f10x_hd.o(.text)
    DMA1_Channel6_IRQHandler                 0x080001e7   Thumb Code     0  startup_stm32f10x_hd.o(.text)
    DMA1_Channel7_IRQHandler                 0x080001e7   Thumb Code     0  startup_stm32f10x_hd.o(.text)
    DMA2_Channel1_IRQHandler                 0x080001e7   Thumb Code     0  startup_stm32f10x_hd.o(.text)
    DMA2_Channel2_IRQHandler                 0x080001e7   Thumb Code     0  startup_stm32f10x_hd.o(.text)
    DMA2_Channel3_IRQHandler                 0x080001e7   Thumb Code     0  startup_stm32f10x_hd.o(.text)
    DMA2_Channel4_5_IRQHandler               0x080001e7   Thumb Code     0  startup_stm32f10x_hd.o(.text)
    EXTI15_10_IRQHandler                     0x080001e7   Thumb Code     0  startup_stm32f10x_hd.o(.text)
    EXTI1_IRQHandler                         0x080001e7   Thumb Code     0  startup_stm32f10x_hd.o(.text)
    EXTI9_5_IRQHandler                       0x080001e7   Thumb Code     0  startup_stm32f10x_hd.o(.text)
    FLASH_IRQHandler                         0x080001e7   Thumb Code     0  startup_stm32f10x_hd.o(.text)
    FSMC_IRQHandler                          0x080001e7   Thumb Code     0  startup_stm32f10x_hd.o(.text)
    I2C1_ER_IRQHandler                       0x080001e7   Thumb Code     0  startup_stm32f10x_hd.o(.text)
    I2C1_EV_IRQHandler                       0x080001e7   Thumb Code     0  startup_stm32f10x_hd.o(.text)
    I2C2_ER_IRQHandler                       0x080001e7   Thumb Code     0  startup_stm32f10x_hd.o(.text)
    I2C2_EV_IRQHandler                       0x080001e7   Thumb Code     0  startup_stm32f10x_hd.o(.text)
    PVD_IRQHandler                           0x080001e7   Thumb Code     0  startup_stm32f10x_hd.o(.text)
    RCC_IRQHandler                           0x080001e7   Thumb Code     0  startup_stm32f10x_hd.o(.text)
    RTCAlarm_IRQHandler                      0x080001e7   Thumb Code     0  startup_stm32f10x_hd.o(.text)
    RTC_IRQHandler                           0x080001e7   Thumb Code     0  startup_stm32f10x_hd.o(.text)
    SDIO_IRQHandler                          0x080001e7   Thumb Code     0  startup_stm32f10x_hd.o(.text)
    SPI1_IRQHandler                          0x080001e7   Thumb Code     0  startup_stm32f10x_hd.o(.text)
    SPI2_IRQHandler                          0x080001e7   Thumb Code     0  startup_stm32f10x_hd.o(.text)
    SPI3_IRQHandler                          0x080001e7   Thumb Code     0  startup_stm32f10x_hd.o(.text)
    TAMPER_IRQHandler                        0x080001e7   Thumb Code     0  startup_stm32f10x_hd.o(.text)
    TIM1_BRK_IRQHandler                      0x080001e7   Thumb Code     0  startup_stm32f10x_hd.o(.text)
    TIM1_CC_IRQHandler                       0x080001e7   Thumb Code     0  startup_stm32f10x_hd.o(.text)
    TIM1_TRG_COM_IRQHandler                  0x080001e7   Thumb Code     0  startup_stm32f10x_hd.o(.text)
    TIM1_UP_IRQHandler                       0x080001e7   Thumb Code     0  startup_stm32f10x_hd.o(.text)
    TIM2_IRQHandler                          0x080001e7   Thumb Code     0  startup_stm32f10x_hd.o(.text)
    TIM4_IRQHandler                          0x080001e7   Thumb Code     0  startup_stm32f10x_hd.o(.text)
    TIM5_IRQHandler                          0x080001e7   Thumb Code     0  startup_stm32f10x_hd.o(.text)
    TIM6_IRQHandler                          0x080001e7   Thumb Code     0  startup_stm32f10x_hd.o(.text)
    TIM7_IRQHandler                          0x080001e7   Thumb Code     0  startup_stm32f10x_hd.o(.text)
    TIM8_BRK_IRQHandler                      0x080001e7   Thumb Code     0  startup_stm32f10x_hd.o(.text)
    TIM8_CC_IRQHandler                       0x080001e7   Thumb Code     0  startup_stm32f10x_hd.o(.text)
    TIM8_TRG_COM_IRQHandler                  0x080001e7   Thumb Code     0  startup_stm32f10x_hd.o(.text)
    TIM8_UP_IRQHandler                       0x080001e7   Thumb Code     0  startup_stm32f10x_hd.o(.text)
    UART4_IRQHandler                         0x080001e7   Thumb Code     0  startup_stm32f10x_hd.o(.text)
    UART5_IRQHandler                         0x080001e7   Thumb Code     0  startup_stm32f10x_hd.o(.text)
    USART2_IRQHandler                        0x080001e7   Thumb Code     0  startup_stm32f10x_hd.o(.text)
    USBWakeUp_IRQHandler                     0x080001e7   Thumb Code     0  startup_stm32f10x_hd.o(.text)
    USB_HP_CAN1_TX_IRQHandler                0x080001e7   Thumb Code     0  startup_stm32f10x_hd.o(.text)
    USB_LP_CAN1_RX0_IRQHandler               0x080001e7   Thumb Code     0  startup_stm32f10x_hd.o(.text)
    WWDG_IRQHandler                          0x080001e7   Thumb Code     0  startup_stm32f10x_hd.o(.text)
    __user_initial_stackheap                 0x080001e9   Thumb Code     0  startup_stm32f10x_hd.o(.text)
    __use_two_region_memory                  0x0800020d   Thumb Code     2  heapauxi.o(.text)
    __rt_heap_escrow$2region                 0x0800020f   Thumb Code     2  heapauxi.o(.text)
    __rt_heap_expand$2region                 0x08000211   Thumb Code     2  heapauxi.o(.text)
    __user_setup_stackheap                   0x08000213   Thumb Code    74  sys_stackheap_outer.o(.text)
    exit                                     0x0800025d   Thumb Code    18  exit.o(.text)
    __user_libspace                          0x08000271   Thumb Code     8  libspace.o(.text)
    __user_perproc_libspace                  0x08000271   Thumb Code     0  libspace.o(.text)
    __user_perthread_libspace                0x08000271   Thumb Code     0  libspace.o(.text)
    _sys_exit                                0x08000279   Thumb Code     8  sys_exit.o(.text)
    __I$use$semihosting                      0x08000285   Thumb Code     0  use_no_semi.o(.text)
    __use_no_semihosting_swi                 0x08000285   Thumb Code     2  use_no_semi.o(.text)
    BusFault_Handler                         0x08000287   Thumb Code     4  stm32f10x_it.o(i.BusFault_Handler)
    __semihosting_library_function           0x08000287   Thumb Code     0  indicate_semi.o(.text)
    Buzzer_Off                               0x0800028d   Thumb Code    14  eie3810_gpio.o(i.Buzzer_Off)
    Buzzer_On                                0x080002a1   Thumb Code    14  eie3810_gpio.o(i.Buzzer_On)
    DebugMon_Handler                         0x080002b5   Thumb Code     2  stm32f10x_it.o(i.DebugMon_Handler)
    Delay                                    0x080002b7   Thumb Code    12  eie3810_gpio.o(i.Delay)
    EIE3810_GPIO_Init                        0x080002c5   Thumb Code   274  eie3810_gpio.o(i.EIE3810_GPIO_Init)
    EIE3810_NVIC_Init                        0x080003e9   Thumb Code    82  eie3810_exti.o(i.EIE3810_NVIC_Init)
    EIE3810_TFTLCD_Clear                     0x08000445   Thumb Code   144  eie3810_tftlcd.o(i.EIE3810_TFTLCD_Clear)
    EIE3810_TFTLCD_DrawCircle                0x080004d9   Thumb Code   350  eie3810_tftlcd.o(i.EIE3810_TFTLCD_DrawCircle)
    EIE3810_TFTLCD_DrawDot                   0x08000637   Thumb Code    78  eie3810_tftlcd.o(i.EIE3810_TFTLCD_DrawDot)
    EIE3810_TFTLCD_DrawRectangle             0x08000685   Thumb Code   102  eie3810_tftlcd.o(i.EIE3810_TFTLCD_DrawRectangle)
    EIE3810_TFTLCD_FillRectangle             0x080006eb   Thumb Code   174  eie3810_tftlcd.o(i.EIE3810_TFTLCD_FillRectangle)
    EIE3810_TFTLCD_FillScreen                0x08000799   Thumb Code    12  eie3810_tftlcd.o(i.EIE3810_TFTLCD_FillScreen)
    EIE3810_TFTLCD_Init                      0x080007a5   Thumb Code   350  eie3810_tftlcd.o(i.EIE3810_TFTLCD_Init)
    EIE3810_TFTLCD_SetParameter              0x08000929   Thumb Code  3786  eie3810_tftlcd.o(i.EIE3810_TFTLCD_SetParameter)
    EIE3810_TFTLCD_ShowChar2412              0x080017f9   Thumb Code   284  eie3810_tftlcd.o(i.EIE3810_TFTLCD_ShowChar2412)
    EIE3810_TFTLCD_ShowString2412            0x08001919   Thumb Code    54  eie3810_tftlcd.o(i.EIE3810_TFTLCD_ShowString2412)
    EIE3810_TFTLCD_WrCmd                     0x0800194f   Thumb Code     8  eie3810_tftlcd.o(i.EIE3810_TFTLCD_WrCmd)
    EIE3810_TFTLCD_WrCmdData                 0x08001959   Thumb Code    12  eie3810_tftlcd.o(i.EIE3810_TFTLCD_WrCmdData)
    EIE3810_TFTLCD_WrData                    0x08001969   Thumb Code     6  eie3810_tftlcd.o(i.EIE3810_TFTLCD_WrData)
    EIE3810_TIM3_Init                        0x08001975   Thumb Code    76  eie3810_tim.o(i.EIE3810_TIM3_Init)
    EIE3810_USART1_Init                      0x080019d1   Thumb Code   166  eie3810_usart.o(i.EIE3810_USART1_Init)
    EIE3810_USART3_Init                      0x08001a89   Thumb Code   166  eie3810_usart.o(i.EIE3810_USART3_Init)
    EIE3810_clock_tree_init                  0x08001b41   Thumb Code   134  eie3810_clock.o(i.EIE3810_clock_tree_init)
    EXTI0_IRQHandler                         0x08001bd1   Thumb Code    52  eie3810_exti.o(i.EXTI0_IRQHandler)
    EXTI2_IRQHandler                         0x08001c11   Thumb Code    42  eie3810_exti.o(i.EXTI2_IRQHandler)
    EXTI3_IRQHandler                         0x08001c45   Thumb Code    82  eie3810_exti.o(i.EXTI3_IRQHandler)
    EXTI4_IRQHandler                         0x08001ca1   Thumb Code    76  eie3810_exti.o(i.EXTI4_IRQHandler)
    HardFault_Handler                        0x08001cfd   Thumb Code     4  stm32f10x_it.o(i.HardFault_Handler)
    MemManage_Handler                        0x08001d01   Thumb Code     4  stm32f10x_it.o(i.MemManage_Handler)
    NMI_Handler                              0x08001d05   Thumb Code     2  stm32f10x_it.o(i.NMI_Handler)
    PendSV_Handler                           0x08001d45   Thumb Code     2  stm32f10x_it.o(i.PendSV_Handler)
    SVC_Handler                              0x08001d47   Thumb Code     2  stm32f10x_it.o(i.SVC_Handler)
    SysTick_Handler                          0x08001e31   Thumb Code     2  stm32f10x_it.o(i.SysTick_Handler)
    SystemInit                               0x08001e35   Thumb Code    78  system_stm32f10x.o(i.SystemInit)
    TIM3_IRQHandler                          0x08001e95   Thumb Code    38  eie3810_tim.o(i.TIM3_IRQHandler)
    USART1_IRQHandler                        0x08001ec5   Thumb Code    44  eie3810_usart.o(i.USART1_IRQHandler)
    USART3_IRQHandler                        0x08001efd   Thumb Code    30  eie3810_usart.o(i.USART3_IRQHandler)
    UsageFault_Handler                       0x08001f21   Thumb Code     4  stm32f10x_it.o(i.UsageFault_Handler)
    clearBall                                0x08001f25   Thumb Code    26  game.o(i.clearBall)
    drawBall                                 0x08001f49   Thumb Code    26  game.o(i.drawBall)
    drawPads                                 0x08001f6d   Thumb Code    46  game.o(i.drawPads)
    handleJoypadInput                        0x08001fad   Thumb Code   150  game.o(i.handleJoypadInput)
    initGame                                 0x08002055   Thumb Code   372  game.o(i.initGame)
    main                                     0x08002211   Thumb Code   182  main.o(i.main)
    movePlayerAPad                           0x080022e9   Thumb Code   108  game.o(i.movePlayerAPad)
    movePlayerBPad                           0x08002361   Thumb Code   106  game.o(i.movePlayerBPad)
    powInt                                   0x080023d9   Thumb Code    20  game.o(i.powInt)
    showDifficultyScreen                     0x080023ed   Thumb Code   194  game.o(i.showDifficultyScreen)
    showGameOverScreen                       0x08002521   Thumb Code    88  game.o(i.showGameOverScreen)
    showNumber                               0x080025ad   Thumb Code   130  game.o(i.showNumber)
    showPauseScreen                          0x08002631   Thumb Code    42  game.o(i.showPauseScreen)
    showString                               0x08002665   Thumb Code    36  game.o(i.showString)
    showWaitUSARTScreen                      0x08002689   Thumb Code    56  game.o(i.showWaitUSARTScreen)
    showWelcomeScreen                        0x080026e5   Thumb Code    94  game.o(i.showWelcomeScreen)
    startCountdown                           0x080027a1   Thumb Code   226  game.o(i.startCountdown)
    updateBallPosition                       0x0800289d   Thumb Code   442  game.o(i.updateBallPosition)
    updateDifficultyScreen                   0x08002a95   Thumb Code     8  game.o(i.updateDifficultyScreen)
    updateGameDisplay                        0x08002a9d   Thumb Code   134  game.o(i.updateGameDisplay)
    Region$$Table$$Base                      0x080042f4   Number         0  anon$$obj.o(Region$$Table)
    Region$$Table$$Limit                     0x08004314   Number         0  anon$$obj.o(Region$$Table)
    currentState                             0x20000000   Data           1  main.o(.data)
    difficulty                               0x20000001   Data           1  main.o(.data)
    playerA_ready                            0x20000002   Data           1  main.o(.data)
    playerB_ready                            0x20000003   Data           1  main.o(.data)
    randomSeed                               0x20000004   Data           1  main.o(.data)
    randomReceived                           0x20000005   Data           1  main.o(.data)
    ballX                                    0x20000008   Data           2  game.o(.data)
    ballY                                    0x2000000a   Data           2  game.o(.data)
    ballVx                                   0x2000000c   Data           1  game.o(.data)
    ballVy                                   0x2000000d   Data           1  game.o(.data)
    oldBallX                                 0x2000000e   Data           2  game.o(.data)
    oldBallY                                 0x20000010   Data           2  game.o(.data)
    padA_x                                   0x20000012   Data           2  game.o(.data)
    padB_x                                   0x20000014   Data           2  game.o(.data)
    padA_y                                   0x20000016   Data           2  game.o(.data)
    padB_y                                   0x20000018   Data           2  game.o(.data)
    gameTime                                 0x2000001c   Data           4  game.o(.data)
    bounceCount                              0x20000020   Data           2  game.o(.data)
    gameStarted                              0x20000022   Data           1  game.o(.data)
    winner                                   0x20000023   Data           1  game.o(.data)
    speedMultiplier                          0x20000024   Data           1  game.o(.data)
    __libspace_start                         0x2000002c   Data          96  libspace.o(.bss)
    __temporary_stack_top$libspace           0x2000008c   Data           0  libspace.o(.bss)



==============================================================================

Memory Map of the image

  Image Entry point : 0x080001cd

  Load Region LR_1 (Base: 0x08000000, Size: 0x00004340, Max: 0xffffffff, ABSOLUTE)

    Execution Region ER_RO (Exec base: 0x08000000, Load base: 0x08000000, Size: 0x00004314, Max: 0xffffffff, ABSOLUTE)

    Exec Addr    Load Addr    Size         Type   Attr      Idx    E Section Name        Object

    0x08000000   0x08000000   0x00000130   Data   RO          469    RESET               startup_stm32f10x_hd.o
    0x08000130   0x08000130   0x00000008   Code   RO          984  * !!!main             c_w.l(__main.o)
    0x08000138   0x08000138   0x00000034   Code   RO         1141    !!!scatter          c_w.l(__scatter.o)
    0x0800016c   0x0800016c   0x0000001a   Code   RO         1143    !!handler_copy      c_w.l(__scatter_copy.o)
    0x08000186   0x08000186   0x00000002   PAD
    0x08000188   0x08000188   0x0000001c   Code   RO         1145    !!handler_zi        c_w.l(__scatter_zi.o)
    0x080001a4   0x080001a4   0x00000002   Code   RO         1011    .ARM.Collect$$libinit$$00000000  c_w.l(libinit.o)
    0x080001a6   0x080001a6   0x00000000   Code   RO         1018    .ARM.Collect$$libinit$$00000002  c_w.l(libinit2.o)
    0x080001a6   0x080001a6   0x00000000   Code   RO         1020    .ARM.Collect$$libinit$$00000004  c_w.l(libinit2.o)
    0x080001a6   0x080001a6   0x00000000   Code   RO         1023    .ARM.Collect$$libinit$$0000000A  c_w.l(libinit2.o)
    0x080001a6   0x080001a6   0x00000000   Code   RO         1025    .ARM.Collect$$libinit$$0000000C  c_w.l(libinit2.o)
    0x080001a6   0x080001a6   0x00000000   Code   RO         1027    .ARM.Collect$$libinit$$0000000E  c_w.l(libinit2.o)
    0x080001a6   0x080001a6   0x00000000   Code   RO         1030    .ARM.Collect$$libinit$$00000011  c_w.l(libinit2.o)
    0x080001a6   0x080001a6   0x00000000   Code   RO         1032    .ARM.Collect$$libinit$$00000013  c_w.l(libinit2.o)
    0x080001a6   0x080001a6   0x00000000   Code   RO         1034    .ARM.Collect$$libinit$$00000015  c_w.l(libinit2.o)
    0x080001a6   0x080001a6   0x00000000   Code   RO         1036    .ARM.Collect$$libinit$$00000017  c_w.l(libinit2.o)
    0x080001a6   0x080001a6   0x00000000   Code   RO         1038    .ARM.Collect$$libinit$$00000019  c_w.l(libinit2.o)
    0x080001a6   0x080001a6   0x00000000   Code   RO         1040    .ARM.Collect$$libinit$$0000001B  c_w.l(libinit2.o)
    0x080001a6   0x080001a6   0x00000000   Code   RO         1042    .ARM.Collect$$libinit$$0000001D  c_w.l(libinit2.o)
    0x080001a6   0x080001a6   0x00000000   Code   RO         1044    .ARM.Collect$$libinit$$0000001F  c_w.l(libinit2.o)
    0x080001a6   0x080001a6   0x00000000   Code   RO         1046    .ARM.Collect$$libinit$$00000021  c_w.l(libinit2.o)
    0x080001a6   0x080001a6   0x00000000   Code   RO         1048    .ARM.Collect$$libinit$$00000023  c_w.l(libinit2.o)
    0x080001a6   0x080001a6   0x00000000   Code   RO         1050    .ARM.Collect$$libinit$$00000025  c_w.l(libinit2.o)
    0x080001a6   0x080001a6   0x00000000   Code   RO         1054    .ARM.Collect$$libinit$$0000002C  c_w.l(libinit2.o)
    0x080001a6   0x080001a6   0x00000000   Code   RO         1056    .ARM.Collect$$libinit$$0000002E  c_w.l(libinit2.o)
    0x080001a6   0x080001a6   0x00000000   Code   RO         1058    .ARM.Collect$$libinit$$00000030  c_w.l(libinit2.o)
    0x080001a6   0x080001a6   0x00000000   Code   RO         1060    .ARM.Collect$$libinit$$00000032  c_w.l(libinit2.o)
    0x080001a6   0x080001a6   0x00000002   Code   RO         1061    .ARM.Collect$$libinit$$00000033  c_w.l(libinit2.o)
    0x080001a8   0x080001a8   0x00000002   Code   RO         1081    .ARM.Collect$$libshutdown$$00000000  c_w.l(libshutdown.o)
    0x080001aa   0x080001aa   0x00000000   Code   RO         1094    .ARM.Collect$$libshutdown$$00000002  c_w.l(libshutdown2.o)
    0x080001aa   0x080001aa   0x00000000   Code   RO         1096    .ARM.Collect$$libshutdown$$00000004  c_w.l(libshutdown2.o)
    0x080001aa   0x080001aa   0x00000000   Code   RO         1099    .ARM.Collect$$libshutdown$$00000007  c_w.l(libshutdown2.o)
    0x080001aa   0x080001aa   0x00000000   Code   RO         1102    .ARM.Collect$$libshutdown$$0000000A  c_w.l(libshutdown2.o)
    0x080001aa   0x080001aa   0x00000000   Code   RO         1104    .ARM.Collect$$libshutdown$$0000000C  c_w.l(libshutdown2.o)
    0x080001aa   0x080001aa   0x00000000   Code   RO         1107    .ARM.Collect$$libshutdown$$0000000F  c_w.l(libshutdown2.o)
    0x080001aa   0x080001aa   0x00000002   Code   RO         1108    .ARM.Collect$$libshutdown$$00000010  c_w.l(libshutdown2.o)
    0x080001ac   0x080001ac   0x00000000   Code   RO          986    .ARM.Collect$$rtentry$$00000000  c_w.l(__rtentry.o)
    0x080001ac   0x080001ac   0x00000000   Code   RO          988    .ARM.Collect$$rtentry$$00000002  c_w.l(__rtentry2.o)
    0x080001ac   0x080001ac   0x00000006   Code   RO         1000    .ARM.Collect$$rtentry$$00000004  c_w.l(__rtentry4.o)
    0x080001b2   0x080001b2   0x00000000   Code   RO          990    .ARM.Collect$$rtentry$$00000009  c_w.l(__rtentry2.o)
    0x080001b2   0x080001b2   0x00000004   Code   RO          991    .ARM.Collect$$rtentry$$0000000A  c_w.l(__rtentry2.o)
    0x080001b6   0x080001b6   0x00000000   Code   RO          993    .ARM.Collect$$rtentry$$0000000C  c_w.l(__rtentry2.o)
    0x080001b6   0x080001b6   0x00000008   Code   RO          994    .ARM.Collect$$rtentry$$0000000D  c_w.l(__rtentry2.o)
    0x080001be   0x080001be   0x00000002   Code   RO         1015    .ARM.Collect$$rtexit$$00000000  c_w.l(rtexit.o)
    0x080001c0   0x080001c0   0x00000000   Code   RO         1063    .ARM.Collect$$rtexit$$00000002  c_w.l(rtexit2.o)
    0x080001c0   0x080001c0   0x00000004   Code   RO         1064    .ARM.Collect$$rtexit$$00000003  c_w.l(rtexit2.o)
    0x080001c4   0x080001c4   0x00000006   Code   RO         1065    .ARM.Collect$$rtexit$$00000004  c_w.l(rtexit2.o)
    0x080001ca   0x080001ca   0x00000002   PAD
    0x080001cc   0x080001cc   0x00000040   Code   RO          470  * .text               startup_stm32f10x_hd.o
    0x0800020c   0x0800020c   0x00000006   Code   RO          982    .text               c_w.l(heapauxi.o)
    0x08000212   0x08000212   0x0000004a   Code   RO         1002    .text               c_w.l(sys_stackheap_outer.o)
    0x0800025c   0x0800025c   0x00000012   Code   RO         1004    .text               c_w.l(exit.o)
    0x0800026e   0x0800026e   0x00000002   PAD
    0x08000270   0x08000270   0x00000008   Code   RO         1012    .text               c_w.l(libspace.o)
    0x08000278   0x08000278   0x0000000c   Code   RO         1073    .text               c_w.l(sys_exit.o)
    0x08000284   0x08000284   0x00000002   Code   RO         1084    .text               c_w.l(use_no_semi.o)
    0x08000286   0x08000286   0x00000000   Code   RO         1086    .text               c_w.l(indicate_semi.o)
    0x08000286   0x08000286   0x00000004   Code   RO          510    i.BusFault_Handler  stm32f10x_it.o
    0x0800028a   0x0800028a   0x00000002   PAD
    0x0800028c   0x0800028c   0x00000014   Code   RO          634    i.Buzzer_Off        eie3810_gpio.o
    0x080002a0   0x080002a0   0x00000014   Code   RO          635    i.Buzzer_On         eie3810_gpio.o
    0x080002b4   0x080002b4   0x00000002   Code   RO          511    i.DebugMon_Handler  stm32f10x_it.o
    0x080002b6   0x080002b6   0x0000000c   Code   RO          636    i.Delay             eie3810_gpio.o
    0x080002c2   0x080002c2   0x00000002   PAD
    0x080002c4   0x080002c4   0x00000124   Code   RO          637    i.EIE3810_GPIO_Init  eie3810_gpio.o
    0x080003e8   0x080003e8   0x0000005c   Code   RO          588    i.EIE3810_NVIC_Init  eie3810_exti.o
    0x08000444   0x08000444   0x00000094   Code   RO          873    i.EIE3810_TFTLCD_Clear  eie3810_tftlcd.o
    0x080004d8   0x080004d8   0x0000015e   Code   RO          874    i.EIE3810_TFTLCD_DrawCircle  eie3810_tftlcd.o
    0x08000636   0x08000636   0x0000004e   Code   RO          875    i.EIE3810_TFTLCD_DrawDot  eie3810_tftlcd.o
    0x08000684   0x08000684   0x00000066   Code   RO          876    i.EIE3810_TFTLCD_DrawRectangle  eie3810_tftlcd.o
    0x080006ea   0x080006ea   0x000000ae   Code   RO          877    i.EIE3810_TFTLCD_FillRectangle  eie3810_tftlcd.o
    0x08000798   0x08000798   0x0000000c   Code   RO          878    i.EIE3810_TFTLCD_FillScreen  eie3810_tftlcd.o
    0x080007a4   0x080007a4   0x00000184   Code   RO          879    i.EIE3810_TFTLCD_Init  eie3810_tftlcd.o
    0x08000928   0x08000928   0x00000ed0   Code   RO          880    i.EIE3810_TFTLCD_SetParameter  eie3810_tftlcd.o
    0x080017f8   0x080017f8   0x00000120   Code   RO          883    i.EIE3810_TFTLCD_ShowChar2412  eie3810_tftlcd.o
    0x08001918   0x08001918   0x00000036   Code   RO          885    i.EIE3810_TFTLCD_ShowString2412  eie3810_tftlcd.o
    0x0800194e   0x0800194e   0x00000008   Code   RO          886    i.EIE3810_TFTLCD_WrCmd  eie3810_tftlcd.o
    0x08001956   0x08001956   0x00000002   PAD
    0x08001958   0x08001958   0x00000010   Code   RO          887    i.EIE3810_TFTLCD_WrCmdData  eie3810_tftlcd.o
    0x08001968   0x08001968   0x0000000c   Code   RO          888    i.EIE3810_TFTLCD_WrData  eie3810_tftlcd.o
    0x08001974   0x08001974   0x0000005c   Code   RO          667    i.EIE3810_TIM3_Init  eie3810_tim.o
    0x080019d0   0x080019d0   0x000000b8   Code   RO          689    i.EIE3810_USART1_Init  eie3810_usart.o
    0x08001a88   0x08001a88   0x000000b8   Code   RO          690    i.EIE3810_USART3_Init  eie3810_usart.o
    0x08001b40   0x08001b40   0x00000090   Code   RO          573    i.EIE3810_clock_tree_init  eie3810_clock.o
    0x08001bd0   0x08001bd0   0x00000040   Code   RO          589    i.EXTI0_IRQHandler  eie3810_exti.o
    0x08001c10   0x08001c10   0x00000034   Code   RO          590    i.EXTI2_IRQHandler  eie3810_exti.o
    0x08001c44   0x08001c44   0x0000005c   Code   RO          591    i.EXTI3_IRQHandler  eie3810_exti.o
    0x08001ca0   0x08001ca0   0x0000005c   Code   RO          592    i.EXTI4_IRQHandler  eie3810_exti.o
    0x08001cfc   0x08001cfc   0x00000004   Code   RO          512    i.HardFault_Handler  stm32f10x_it.o
    0x08001d00   0x08001d00   0x00000004   Code   RO          513    i.MemManage_Handler  stm32f10x_it.o
    0x08001d04   0x08001d04   0x00000002   Code   RO          514    i.NMI_Handler       stm32f10x_it.o
    0x08001d06   0x08001d06   0x00000016   Code   RO          691    i.NVIC_EnableIRQ    eie3810_usart.o
    0x08001d1c   0x08001d1c   0x00000028   Code   RO          692    i.NVIC_SetPriority  eie3810_usart.o
    0x08001d44   0x08001d44   0x00000002   Code   RO          515    i.PendSV_Handler    stm32f10x_it.o
    0x08001d46   0x08001d46   0x00000002   Code   RO          516    i.SVC_Handler       stm32f10x_it.o
    0x08001d48   0x08001d48   0x00000008   Code   RO          414    i.SetSysClock       system_stm32f10x.o
    0x08001d50   0x08001d50   0x000000e0   Code   RO          415    i.SetSysClockTo72   system_stm32f10x.o
    0x08001e30   0x08001e30   0x00000002   Code   RO          517    i.SysTick_Handler   stm32f10x_it.o
    0x08001e32   0x08001e32   0x00000002   PAD
    0x08001e34   0x08001e34   0x00000060   Code   RO          417    i.SystemInit        system_stm32f10x.o
    0x08001e94   0x08001e94   0x00000030   Code   RO          668    i.TIM3_IRQHandler   eie3810_tim.o
    0x08001ec4   0x08001ec4   0x00000038   Code   RO          693    i.USART1_IRQHandler  eie3810_usart.o
    0x08001efc   0x08001efc   0x00000024   Code   RO          695    i.USART3_IRQHandler  eie3810_usart.o
    0x08001f20   0x08001f20   0x00000004   Code   RO          518    i.UsageFault_Handler  stm32f10x_it.o
    0x08001f24   0x08001f24   0x00000024   Code   RO          749    i.clearBall         game.o
    0x08001f48   0x08001f48   0x00000024   Code   RO          750    i.drawBall          game.o
    0x08001f6c   0x08001f6c   0x00000040   Code   RO          751    i.drawPads          game.o
    0x08001fac   0x08001fac   0x000000a8   Code   RO          752    i.handleJoypadInput  game.o
    0x08002054   0x08002054   0x000001bc   Code   RO          753    i.initGame          game.o
    0x08002210   0x08002210   0x000000d8   Code   RO          474    i.main              main.o
    0x080022e8   0x080022e8   0x00000078   Code   RO          754    i.movePlayerAPad    game.o
    0x08002360   0x08002360   0x00000078   Code   RO          755    i.movePlayerBPad    game.o
    0x080023d8   0x080023d8   0x00000014   Code   RO          756    i.powInt            game.o
    0x080023ec   0x080023ec   0x00000134   Code   RO          757    i.showDifficultyScreen  game.o
    0x08002520   0x08002520   0x0000008c   Code   RO          758    i.showGameOverScreen  game.o
    0x080025ac   0x080025ac   0x00000082   Code   RO          759    i.showNumber        game.o
    0x0800262e   0x0800262e   0x00000002   PAD
    0x08002630   0x08002630   0x00000034   Code   RO          760    i.showPauseScreen   game.o
    0x08002664   0x08002664   0x00000024   Code   RO          761    i.showString        game.o
    0x08002688   0x08002688   0x0000005c   Code   RO          762    i.showWaitUSARTScreen  game.o
    0x080026e4   0x080026e4   0x000000bc   Code   RO          763    i.showWelcomeScreen  game.o
    0x080027a0   0x080027a0   0x000000fc   Code   RO          764    i.startCountdown    game.o
    0x0800289c   0x0800289c   0x000001f8   Code   RO          765    i.updateBallPosition  game.o
    0x08002a94   0x08002a94   0x00000008   Code   RO          766    i.updateDifficultyScreen  game.o
    0x08002a9c   0x08002a9c   0x00000098   Code   RO          767    i.updateGameDisplay  game.o
    0x08002b34   0x08002b34   0x000017c0   Data   RO          889    .constdata          eie3810_tftlcd.o
    0x080042f4   0x080042f4   0x00000020   Data   RO         1139    Region$$Table       anon$$obj.o


    Execution Region ER_RW (Exec base: 0x20000000, Load base: 0x08004314, Size: 0x0000002c, Max: 0xffffffff, ABSOLUTE)

    Exec Addr    Load Addr    Size         Type   Attr      Idx    E Section Name        Object

    0x20000000   0x08004314   0x00000006   Data   RW          475    .data               main.o
    0x20000006   0x0800431a   0x00000002   PAD
    0x20000008   0x0800431c   0x00000024   Data   RW          768    .data               game.o


    Execution Region ER_ZI (Exec base: 0x2000002c, Load base: 0x08004340, Size: 0x00000664, Max: 0xffffffff, ABSOLUTE)

    Exec Addr    Load Addr    Size         Type   Attr      Idx    E Section Name        Object

    0x2000002c        -       0x00000060   Zero   RW         1013    .bss                c_w.l(libspace.o)
    0x2000008c   0x08004340   0x00000004   PAD
    0x20000090        -       0x00000200   Zero   RW          468    HEAP                startup_stm32f10x_hd.o
    0x20000290        -       0x00000400   Zero   RW          467    STACK               startup_stm32f10x_hd.o


==============================================================================

Image component sizes


      Code (inc. data)   RO Data    RW Data    ZI Data      Debug   Object Name

         0          0          0          0          0         32   core_cm3.o
       144         10          0          0          0        454   eie3810_clock.o
       392         58          0          0          0       2180   eie3810_exti.o
       344         30          0          0          0       1625   eie3810_gpio.o
      5422         62       6080          0          0      10230   eie3810_tftlcd.o
       140         26          0          0          0        898   eie3810_tim.o
       522         62          0          0          0      17771   eie3810_usart.o
      2870        574          0         36          0       9903   game.o
       216         42          0          6          0       1279   main.o
        64         26        304          0       1536        752   startup_stm32f10x_hd.o
        26          0          0          0          0       3378   stm32f10x_it.o
         0          0          0          0          0     207548   stm32f10x_rcc.o
       328         28          0          0          0       1657   system_stm32f10x.o

    ----------------------------------------------------------------------
     10478        918       6416         44       1536     257707   Object Totals
         0          0         32          0          0          0   (incl. Generated)
        10          0          0          2          0          0   (incl. Padding)

    ----------------------------------------------------------------------

      Code (inc. data)   RO Data    RW Data    ZI Data      Debug   Library Member Name

         8          0          0          0          0         68   __main.o
         0          0          0          0          0          0   __rtentry.o
        12          0          0          0          0          0   __rtentry2.o
         6          0          0          0          0          0   __rtentry4.o
        52          8          0          0          0          0   __scatter.o
        26          0          0          0          0          0   __scatter_copy.o
        28          0          0          0          0          0   __scatter_zi.o
        18          0          0          0          0         80   exit.o
         6          0          0          0          0        152   heapauxi.o
         0          0          0          0          0          0   indicate_semi.o
         2          0          0          0          0          0   libinit.o
         2          0          0          0          0          0   libinit2.o
         2          0          0          0          0          0   libshutdown.o
         2          0          0          0          0          0   libshutdown2.o
         8          4          0          0         96         68   libspace.o
         2          0          0          0          0          0   rtexit.o
        10          0          0          0          0          0   rtexit2.o
        12          4          0          0          0         68   sys_exit.o
        74          0          0          0          0         80   sys_stackheap_outer.o
         2          0          0          0          0         68   use_no_semi.o

    ----------------------------------------------------------------------
       278         16          0          0        100        584   Library Totals
         6          0          0          0          4          0   (incl. Padding)

    ----------------------------------------------------------------------

      Code (inc. data)   RO Data    RW Data    ZI Data      Debug   Library Name

       272         16          0          0         96        584   c_w.l

    ----------------------------------------------------------------------
       278         16          0          0        100        584   Library Totals

    ----------------------------------------------------------------------

==============================================================================


      Code (inc. data)   RO Data    RW Data    ZI Data      Debug   

     10756        934       6416         44       1636     255063   Grand Totals
     10756        934       6416         44       1636     255063   ELF Image Totals
     10756        934       6416         44          0          0   ROM Totals

==============================================================================

    Total RO  Size (Code + RO Data)                17172 (  16.77kB)
    Total RW  Size (RW Data + ZI Data)              1680 (   1.64kB)
    Total ROM Size (Code + RO Data + RW Data)      17216 (  16.81kB)

==============================================================================

